[root@host ffs.jd.com]# ps -ef |grep fss
root      7299  6697  0 19:56 pts/1    00:00:00 grep fss
[root@host ffs.jd.com]# ps -ef |grep ffs
root      7062     1  8 19:50 pts/1    00:00:30 /export/servers/jdk1.8.0_131/bin/java -Djava.util.logging.config.file=/export/Domains/ffs.jd.com/server1/conf/logging.properties -Djava.util.logging.manager=org.apache.juli.ClassLoaderLogManager -Djava.library.path=/usr/local/lib -server -Xms1024m -Xmx1024m -XX:MaxPermSize=256m -Djava.awt.headless=true -Dsun.net.client.defaultConnectTimeout=60000 -Dsun.net.client.defaultReadTimeout=60000 -Djmagick.systemclassloader=no -Dnetworkaddress.cache.ttl=300 -Dsun.net.inetaddr.ttl=300 -Djdk.tls.ephemeralDHKeySize=2048 -Djava.protocol.handler.pkgs=org.apache.catalina.webresources -classpath /export/servers/tomcat8.5.12/bin/bootstrap.jar:/export/servers/tomcat8.5.12/bin/tomcat-juli.jar -Dcatalina.base=/export/Domains/ffs.jd.com/server1 -Dcatalina.home=/export/servers/tomcat8.5.12 -Djava.io.tmpdir=/export/Domains/ffs.jd.com/server1/temp org.apache.catalina.startup.Bootstrap -config /export/Domains/ffs.jd.com/server1/conf/server.xml start
root      7301  6697  0 19:56 pts/1    00:00:00 grep ffs
[root@host ffs.jd.com]# kill -9 7062
[root@host ffs.jd.com]# 
[root@host ffs.jd.com]# 
[root@host ffs.jd.com]# 
[root@host ffs.jd.com]# 
[root@host ffs.jd.com]# ls
catalina.out              courseIntroduction.html  fonts       indexVideo  newsDetails.html    script    systemCertification.html  systemCulture.html     top.html       video
contactUs.html            css                      img         js          newsList.html       start.sh  systemCooperation.html    systemEmployment.html  uploadAdapter  videoList.html
courseIntroduction2.html  feifuIntroduce.html      index.html  META-INF    qualification.html  stop.sh   systemCourses.html        systemTalent.html      Uploader.swf   WEB-INF
[root@host ffs.jd.com]# ./start.sh ;tail -f catalina.out 
Using CATALINA_BASE:   /export/Domains/ffs.jd.com/server1
Using CATALINA_HOME:   /export/servers/tomcat8.5.12
Using CATALINA_TMPDIR: /export/Domains/ffs.jd.com/server1/temp
Using JRE_HOME:        /export/servers/jdk1.8.0_131
Using CLASSPATH:       /export/servers/tomcat8.5.12/bin/bootstrap.jar:/export/servers/tomcat8.5.12/bin/tomcat-juli.jar
Tomcat started.
tail: inotify cannot be used, reverting to polling
 java.util.concurrent.ThreadPoolExecutor.getTask(ThreadPoolExecutor.java:1067)
 java.util.concurrent.ThreadPoolExecutor.runWorker(ThreadPoolExecutor.java:1127)
 java.util.concurrent.ThreadPoolExecutor$Worker.run(ThreadPoolExecutor.java:617)
 java.lang.Thread.run(Thread.java:748)
29-Jan-2018 19:50:32.813 SEVERE [localhost-startStop-1] org.apache.catalina.loader.WebappClassLoaderBase.checkThreadLocalMapForLeaks The web application [ROOT] created a ThreadLocal with key of type [com.jd.jsf.gd.util.RpcContext$1] (value [com.jd.jsf.gd.util.RpcContext$1@4a998021]) and a value of type [com.jd.jsf.gd.util.RpcContext] (value [com.jd.jsf.gd.util.RpcContext@594cd93b]) but failed to remove it when the web application was stopped. Threads are going to be renewed over time to try and avoid a probable memory leak.
29-Jan-2018 19:50:32.814 SEVERE [localhost-startStop-1] org.apache.catalina.loader.WebappClassLoaderBase.checkThreadLocalMapForLeaks The web application [ROOT] created a ThreadLocal with key of type [java.lang.ThreadLocal] (value [java.lang.ThreadLocal@103d3d7e]) and a value of type [io.netty.util.internal.InternalThreadLocalMap] (value [io.netty.util.internal.InternalThreadLocalMap@16233fd0]) but failed to remove it when the web application was stopped. Threads are going to be renewed over time to try and avoid a probable memory leak.
29-Jan-2018 19:50:32.814 SEVERE [localhost-startStop-1] org.apache.catalina.loader.WebappClassLoaderBase.checkThreadLocalMapForLeaks The web application [ROOT] created a ThreadLocal with key of type [java.lang.ThreadLocal] (value [java.lang.ThreadLocal@103d3d7e]) and a value of type [io.netty.util.internal.InternalThreadLocalMap] (value [io.netty.util.internal.InternalThreadLocalMap@2999b92e]) but failed to remove it when the web application was stopped. Threads are going to be renewed over time to try and avoid a probable memory leak.
29-Jan-2018 19:50:32.821 INFO [localhost-startStop-1] org.apache.catalina.startup.HostConfig.deployDescriptor Deployment of configuration descriptor /export/Domains/ffs.jd.com/server1/conf/Catalina/localhost/ROOT.xml has finished in 9,125 ms
29-Jan-2018 19:50:32.824 INFO [main] org.apache.coyote.AbstractProtocol.start Starting ProtocolHandler [http-nio-8018]
29-Jan-2018 19:50:32.833 INFO [main] org.apache.catalina.startup.Catalina.start Server startup in 9179 ms
Java HotSpot(TM) 64-Bit Server VM warning: ignoring option MaxPermSize=256m; support was removed in 8.0
29-Jan-2018 19:56:50.028 INFO [main] org.apache.catalina.startup.VersionLoggerListener.log Server version:        Apache Tomcat/8.5.12
29-Jan-2018 19:56:50.030 INFO [main] org.apache.catalina.startup.VersionLoggerListener.log Server built:          Mar 8 2017 17:41:47 UTC
29-Jan-2018 19:56:50.031 INFO [main] org.apache.catalina.startup.VersionLoggerListener.log Server number:         8.5.12.0
29-Jan-2018 19:56:50.031 INFO [main] org.apache.catalina.startup.VersionLoggerListener.log OS Name:               Linux
29-Jan-2018 19:56:50.031 INFO [main] org.apache.catalina.startup.VersionLoggerListener.log OS Version:            2.6.32-431.el6.x86_64
29-Jan-2018 19:56:50.031 INFO [main] org.apache.catalina.startup.VersionLoggerListener.log Architecture:          amd64
29-Jan-2018 19:56:50.031 INFO [main] org.apache.catalina.startup.VersionLoggerListener.log Java Home:             /export/servers/jdk1.8.0_131/jre
29-Jan-2018 19:56:50.031 INFO [main] org.apache.catalina.startup.VersionLoggerListener.log JVM Version:           1.8.0_131-b11
29-Jan-2018 19:56:50.032 INFO [main] org.apache.catalina.startup.VersionLoggerListener.log JVM Vendor:            Oracle Corporation
29-Jan-2018 19:56:50.032 INFO [main] org.apache.catalina.startup.VersionLoggerListener.log CATALINA_BASE:         /export/Domains/ffs.jd.com/server1
29-Jan-2018 19:56:50.032 INFO [main] org.apache.catalina.startup.VersionLoggerListener.log CATALINA_HOME:         /export/servers/tomcat8.5.12
29-Jan-2018 19:56:50.032 INFO [main] org.apache.catalina.startup.VersionLoggerListener.log Command line argument: -Djava.util.logging.config.file=/export/Domains/ffs.jd.com/server1/conf/logging.properties
29-Jan-2018 19:56:50.033 INFO [main] org.apache.catalina.startup.VersionLoggerListener.log Command line argument: -Djava.util.logging.manager=org.apache.juli.ClassLoaderLogManager
29-Jan-2018 19:56:50.033 INFO [main] org.apache.catalina.startup.VersionLoggerListener.log Command line argument: -Djava.library.path=/usr/local/lib
29-Jan-2018 19:56:50.033 INFO [main] org.apache.catalina.startup.VersionLoggerListener.log Command line argument: -Xms1024m
29-Jan-2018 19:56:50.033 INFO [main] org.apache.catalina.startup.VersionLoggerListener.log Command line argument: -Xmx1024m
29-Jan-2018 19:56:50.033 INFO [main] org.apache.catalina.startup.VersionLoggerListener.log Command line argument: -XX:MaxPermSize=256m
29-Jan-2018 19:56:50.033 INFO [main] org.apache.catalina.startup.VersionLoggerListener.log Command line argument: -Djava.awt.headless=true
29-Jan-2018 19:56:50.033 INFO [main] org.apache.catalina.startup.VersionLoggerListener.log Command line argument: -Dsun.net.client.defaultConnectTimeout=60000
29-Jan-2018 19:56:50.033 INFO [main] org.apache.catalina.startup.VersionLoggerListener.log Command line argument: -Dsun.net.client.defaultReadTimeout=60000
29-Jan-2018 19:56:50.033 INFO [main] org.apache.catalina.startup.VersionLoggerListener.log Command line argument: -Djmagick.systemclassloader=no
29-Jan-2018 19:56:50.034 INFO [main] org.apache.catalina.startup.VersionLoggerListener.log Command line argument: -Dnetworkaddress.cache.ttl=300
29-Jan-2018 19:56:50.034 INFO [main] org.apache.catalina.startup.VersionLoggerListener.log Command line argument: -Dsun.net.inetaddr.ttl=300
29-Jan-2018 19:56:50.034 INFO [main] org.apache.catalina.startup.VersionLoggerListener.log Command line argument: -Djdk.tls.ephemeralDHKeySize=2048
29-Jan-2018 19:56:50.034 INFO [main] org.apache.catalina.startup.VersionLoggerListener.log Command line argument: -Djava.protocol.handler.pkgs=org.apache.catalina.webresources
29-Jan-2018 19:56:50.034 INFO [main] org.apache.catalina.startup.VersionLoggerListener.log Command line argument: -Dcatalina.base=/export/Domains/ffs.jd.com/server1
29-Jan-2018 19:56:50.034 INFO [main] org.apache.catalina.startup.VersionLoggerListener.log Command line argument: -Dcatalina.home=/export/servers/tomcat8.5.12
29-Jan-2018 19:56:50.034 INFO [main] org.apache.catalina.startup.VersionLoggerListener.log Command line argument: -Djava.io.tmpdir=/export/Domains/ffs.jd.com/server1/temp
29-Jan-2018 19:56:50.035 INFO [main] org.apache.catalina.core.AprLifecycleListener.lifecycleEvent The APR based Apache Tomcat Native library which allows optimal performance in production environments was not found on the java.library.path: /usr/local/lib
29-Jan-2018 19:56:50.190 INFO [main] org.apache.coyote.AbstractProtocol.init Initializing ProtocolHandler ["http-nio-8018"]
29-Jan-2018 19:56:50.216 INFO [main] org.apache.tomcat.util.net.NioSelectorPool.getSharedSelector Using a shared selector for servlet write/read
29-Jan-2018 19:56:50.219 INFO [main] org.apache.coyote.AbstractProtocol.init Initializing ProtocolHandler ["ajp-nio-8009"]
29-Jan-2018 19:56:50.221 SEVERE [main] org.apache.coyote.AbstractProtocol.init Failed to initialize end point associated with ProtocolHandler ["ajp-nio-8009"]
 java.net.BindException: Address already in use
	at sun.nio.ch.Net.bind0(Native Method)
	at sun.nio.ch.Net.bind(Net.java:433)
	at sun.nio.ch.Net.bind(Net.java:425)
	at sun.nio.ch.ServerSocketChannelImpl.bind(ServerSocketChannelImpl.java:223)
	at sun.nio.ch.ServerSocketAdaptor.bind(ServerSocketAdaptor.java:74)
	at org.apache.tomcat.util.net.NioEndpoint.bind(NioEndpoint.java:210)
	at org.apache.tomcat.util.net.AbstractEndpoint.init(AbstractEndpoint.java:972)
	at org.apache.tomcat.util.net.AbstractJsseEndpoint.init(AbstractJsseEndpoint.java:244)
	at org.apache.coyote.AbstractProtocol.init(AbstractProtocol.java:558)
	at org.apache.catalina.connector.Connector.initInternal(Connector.java:968)
	at org.apache.catalina.util.LifecycleBase.init(LifecycleBase.java:107)
	at org.apache.catalina.core.StandardService.initInternal(StandardService.java:549)
	at org.apache.catalina.util.LifecycleBase.init(LifecycleBase.java:107)
	at org.apache.catalina.core.StandardServer.initInternal(StandardServer.java:875)
	at org.apache.catalina.util.LifecycleBase.init(LifecycleBase.java:107)
	at org.apache.catalina.startup.Catalina.load(Catalina.java:606)
	at org.apache.catalina.startup.Catalina.load(Catalina.java:629)
	at sun.reflect.NativeMethodAccessorImpl.invoke0(Native Method)
	at sun.reflect.NativeMethodAccessorImpl.invoke(NativeMethodAccessorImpl.java:62)
	at sun.reflect.DelegatingMethodAccessorImpl.invoke(DelegatingMethodAccessorImpl.java:43)
	at java.lang.reflect.Method.invoke(Method.java:498)
	at org.apache.catalina.startup.Bootstrap.load(Bootstrap.java:311)
	at org.apache.catalina.startup.Bootstrap.main(Bootstrap.java:494)

29-Jan-2018 19:56:50.222 SEVERE [main] org.apache.catalina.core.StandardService.initInternal Failed to initialize connector [Connector[AJP/1.3-8009]]
 org.apache.catalina.LifecycleException: Failed to initialize component [Connector[AJP/1.3-8009]]
	at org.apache.catalina.util.LifecycleBase.init(LifecycleBase.java:112)
	at org.apache.catalina.core.StandardService.initInternal(StandardService.java:549)
	at org.apache.catalina.util.LifecycleBase.init(LifecycleBase.java:107)
	at org.apache.catalina.core.StandardServer.initInternal(StandardServer.java:875)
	at org.apache.catalina.util.LifecycleBase.init(LifecycleBase.java:107)
	at org.apache.catalina.startup.Catalina.load(Catalina.java:606)
	at org.apache.catalina.startup.Catalina.load(Catalina.java:629)
	at sun.reflect.NativeMethodAccessorImpl.invoke0(Native Method)
	at sun.reflect.NativeMethodAccessorImpl.invoke(NativeMethodAccessorImpl.java:62)
	at sun.reflect.DelegatingMethodAccessorImpl.invoke(DelegatingMethodAccessorImpl.java:43)
	at java.lang.reflect.Method.invoke(Method.java:498)
	at org.apache.catalina.startup.Bootstrap.load(Bootstrap.java:311)
	at org.apache.catalina.startup.Bootstrap.main(Bootstrap.java:494)
Caused by: org.apache.catalina.LifecycleException: Protocol handler initialization failed
	at org.apache.catalina.connector.Connector.initInternal(Connector.java:970)
	at org.apache.catalina.util.LifecycleBase.init(LifecycleBase.java:107)
	... 12 more
Caused by: java.net.BindException: Address already in use
	at sun.nio.ch.Net.bind0(Native Method)
	at sun.nio.ch.Net.bind(Net.java:433)
	at sun.nio.ch.Net.bind(Net.java:425)
	at sun.nio.ch.ServerSocketChannelImpl.bind(ServerSocketChannelImpl.java:223)
	at sun.nio.ch.ServerSocketAdaptor.bind(ServerSocketAdaptor.java:74)
	at org.apache.tomcat.util.net.NioEndpoint.bind(NioEndpoint.java:210)
	at org.apache.tomcat.util.net.AbstractEndpoint.init(AbstractEndpoint.java:972)
	at org.apache.tomcat.util.net.AbstractJsseEndpoint.init(AbstractJsseEndpoint.java:244)
	at org.apache.coyote.AbstractProtocol.init(AbstractProtocol.java:558)
	at org.apache.catalina.connector.Connector.initInternal(Connector.java:968)
	... 13 more

29-Jan-2018 19:56:50.223 INFO [main] org.apache.catalina.startup.Catalina.load Initialization processed in 625 ms
29-Jan-2018 19:56:50.248 INFO [main] org.apache.catalina.core.StandardService.startInternal Starting service Catalina
29-Jan-2018 19:56:50.248 INFO [main] org.apache.catalina.core.StandardEngine.startInternal Starting Servlet Engine: Apache Tomcat/8.5.12
29-Jan-2018 19:56:50.259 INFO [localhost-startStop-1] org.apache.catalina.startup.HostConfig.deployDescriptor Deploying configuration descriptor /export/Domains/ffs.jd.com/server1/conf/Catalina/localhost/ROOT.xml
29-Jan-2018 19:56:50.281 WARNING [localhost-startStop-1] org.apache.catalina.core.StandardContext.setPath A context path must either be an empty string or start with a '/' and do not end with a '/'. The path [/] does not meet these criteria and has been changed to []




































29-Jan-2018 19:56:53.804 INFO [localhost-startStop-1] org.apache.jasper.servlet.TldScanner.scanJars At least one JAR was scanned for TLDs yet contained no TLDs. Enable debug logging for this logger for a complete list of JARs that were scanned but no TLDs were found in them. Skipping unneeded JARs during scanning can improve startup time and JSP compilation time.
SLF4J: Class path contains multiple SLF4J bindings.
SLF4J: Found binding in [jar:file:/export/App/ffs.jd.com/WEB-INF/lib/slf4j-log4j12-1.7.10.jar!/org/slf4j/impl/StaticLoggerBinder.class]
SLF4J: Found binding in [jar:file:/export/App/ffs.jd.com/WEB-INF/lib/log4j-slf4j-impl-2.2.jar!/org/slf4j/impl/StaticLoggerBinder.class]
SLF4J: See http://www.slf4j.org/codes.html#multiple_bindings for an explanation.
SLF4J: Actual binding is of type [org.slf4j.impl.Log4jLoggerFactory]
log4j:WARN No appenders could be found for logger (org.springframework.web.context.ContextLoader).
log4j:WARN Please initialize the log4j system properly.
log4j:WARN See http://logging.apache.org/log4j/1.2/faq.html#noconfig for more info.

29-Jan-2018 19:56:59.755 INFO [localhost-startStop-1] com.jd.security.tdeclient.TDEClient.InitClient Token ID:OGYzYjhhNWQtNjFiNS00MGExLWI1MzEtYTcyNjJjNDhlNTNi, its origin from BETA
29-Jan-2018 19:56:59.810 WARNING [localhost-startStop-1] com.jd.security.tde.HttpsClient.postJson test.kms.tde.jd.local
29-Jan-2018 19:56:59.811 WARNING [localhost-startStop-1] com.jd.security.tde.HttpsClient.postJson test.kms.tde.jd.local
29-Jan-2018 19:56:59.811 WARNING [localhost-startStop-1] com.jd.security.tde.HttpsClient.postJson test.kms.tde.jd.local
29-Jan-2018 19:56:59.811 SEVERE [localhost-startStop-1] com.jd.security.tde.HttpsClient.postJson HTTPS Client cannot establish connections.
29-Jan-2018 19:56:59.812 SEVERE [localhost-startStop-1] com.jd.security.tdeclient.KMClient.FetchMKeys HTTPS Client cannot establish connections.
29-Jan-2018 19:56:59.819 WARNING [localhost-startStop-1] com.jd.security.tdeclient.KMClient.FetchMKeys Start using keys from other options (cache file or backup).
29-Jan-2018 19:56:59.820 SEVERE [localhost-startStop-1] com.jd.security.tdeclient.TDEClient.InitClient null
log4j:WARN Continuable parsing error 3 and column 28
log4j:WARN Document root element "Configuration", must match DOCTYPE root "null".
log4j:WARN Continuable parsing error 3 and column 28
log4j:WARN Document is invalid: no grammar found.
log4j:ERROR DOM element is - not a <log4j:configuration> element.
29-Jan-2018 19:56:59.888 SEVERE [localhost-startStop-1] org.apache.catalina.core.StandardContext.startInternal One or more listeners failed to start. Full details will be found in the appropriate container log file
29-Jan-2018 19:56:59.893 SEVERE [localhost-startStop-1] org.apache.catalina.core.StandardContext.startInternal Context [] startup failed due to previous errors
29-Jan-2018 19:56:59.919 WARNING [localhost-startStop-1] org.apache.catalina.loader.WebappClassLoaderBase.clearReferencesJdbc The web application [ROOT] registered the JDBC driver [com.mysql.jdbc.Driver] but failed to unregister it when the web application was stopped. To prevent a memory leak, the JDBC Driver has been forcibly unregistered.
29-Jan-2018 19:56:59.920 WARNING [localhost-startStop-1] org.apache.catalina.loader.WebappClassLoaderBase.clearReferencesThreads The web application [ROOT] appears to have started a thread named [Abandoned connection cleanup thread] but has failed to stop it. This is very likely to create a memory leak. Stack trace of thread:
 java.lang.Object.wait(Native Method)
 java.lang.ref.ReferenceQueue.remove(ReferenceQueue.java:143)
 com.mysql.jdbc.AbandonedConnectionCleanupThread.run(AbandonedConnectionCleanupThread.java:40)
29-Jan-2018 19:56:59.921 WARNING [localhost-startStop-1] org.apache.catalina.loader.WebappClassLoaderBase.clearReferencesThreads The web application [ROOT] appears to have started a thread named [Timer-0] but has failed to stop it. This is very likely to create a memory leak. Stack trace of thread:
 java.lang.Object.wait(Native Method)
 java.util.TimerThread.mainLoop(Timer.java:552)
 java.util.TimerThread.run(Timer.java:505)
29-Jan-2018 19:56:59.922 WARNING [localhost-startStop-1] org.apache.catalina.loader.WebappClassLoaderBase.clearReferencesThreads The web application [ROOT] appears to have started a thread named [JSF-Future-Checker-0-T-1] but has failed to stop it. This is very likely to create a memory leak. Stack trace of thread:
 sun.misc.Unsafe.park(Native Method)
 java.util.concurrent.locks.LockSupport.parkNanos(LockSupport.java:215)
 java.util.concurrent.locks.AbstractQueuedSynchronizer$ConditionObject.awaitNanos(AbstractQueuedSynchronizer.java:2078)
 java.util.concurrent.ScheduledThreadPoolExecutor$DelayedWorkQueue.take(ScheduledThreadPoolExecutor.java:1093)
 java.util.concurrent.ScheduledThreadPoolExecutor$DelayedWorkQueue.take(ScheduledThreadPoolExecutor.java:809)
 java.util.concurrent.ThreadPoolExecutor.getTask(ThreadPoolExecutor.java:1067)
 java.util.concurrent.ThreadPoolExecutor.runWorker(ThreadPoolExecutor.java:1127)
 java.util.concurrent.ThreadPoolExecutor$Worker.run(ThreadPoolExecutor.java:617)
 java.lang.Thread.run(Thread.java:748)
29-Jan-2018 19:56:59.923 WARNING [localhost-startStop-1] org.apache.catalina.loader.WebappClassLoaderBase.clearReferencesThreads The web application [ROOT] appears to have started a thread named [JSF-Future-Checker-CB-1-T-1] but has failed to stop it. This is very likely to create a memory leak. Stack trace of thread:
 sun.misc.Unsafe.park(Native Method)
 java.util.concurrent.locks.LockSupport.parkNanos(LockSupport.java:215)
 java.util.concurrent.locks.AbstractQueuedSynchronizer$ConditionObject.awaitNanos(AbstractQueuedSynchronizer.java:2078)
 java.util.concurrent.ScheduledThreadPoolExecutor$DelayedWorkQueue.take(ScheduledThreadPoolExecutor.java:1093)
 java.util.concurrent.ScheduledThreadPoolExecutor$DelayedWorkQueue.take(ScheduledThreadPoolExecutor.java:809)
 java.util.concurrent.ThreadPoolExecutor.getTask(ThreadPoolExecutor.java:1067)
 java.util.concurrent.ThreadPoolExecutor.runWorker(ThreadPoolExecutor.java:1127)
 java.util.concurrent.ThreadPoolExecutor$Worker.run(ThreadPoolExecutor.java:617)
 java.lang.Thread.run(Thread.java:748)
29-Jan-2018 19:56:59.930 WARNING [localhost-startStop-1] org.apache.catalina.loader.WebappClassLoaderBase.clearReferencesThreads The web application [ROOT] appears to have started a thread named [JSF-FileRegistry-Back-Load-2-T-1] but has failed to stop it. This is very likely to create a memory leak. Stack trace of thread:
 sun.misc.Unsafe.park(Native Method)
 java.util.concurrent.locks.LockSupport.parkNanos(LockSupport.java:215)
 java.util.concurrent.locks.AbstractQueuedSynchronizer$ConditionObject.awaitNanos(AbstractQueuedSynchronizer.java:2078)
 java.util.concurrent.ScheduledThreadPoolExecutor$DelayedWorkQueue.take(ScheduledThreadPoolExecutor.java:1093)
 java.util.concurrent.ScheduledThreadPoolExecutor$DelayedWorkQueue.take(ScheduledThreadPoolExecutor.java:809)
 java.util.concurrent.ThreadPoolExecutor.getTask(ThreadPoolExecutor.java:1067)
 java.util.concurrent.ThreadPoolExecutor.runWorker(ThreadPoolExecutor.java:1127)
 java.util.concurrent.ThreadPoolExecutor$Worker.run(ThreadPoolExecutor.java:617)
 java.lang.Thread.run(Thread.java:748)
29-Jan-2018 19:56:59.932 WARNING [localhost-startStop-1] org.apache.catalina.loader.WebappClassLoaderBase.clearReferencesThreads The web application [ROOT] appears to have started a thread named [JSF-CLI-WORKER-5-T-1] but has failed to stop it. This is very likely to create a memory leak. Stack trace of thread:
 sun.nio.ch.EPollArrayWrapper.epollWait(Native Method)
 sun.nio.ch.EPollArrayWrapper.poll(EPollArrayWrapper.java:269)
 sun.nio.ch.EPollSelectorImpl.doSelect(EPollSelectorImpl.java:93)
 sun.nio.ch.SelectorImpl.lockAndDoSelect(SelectorImpl.java:86)
 sun.nio.ch.SelectorImpl.select(SelectorImpl.java:97)
 io.netty.channel.nio.NioEventLoop.select(NioEventLoop.java:622)
 io.netty.channel.nio.NioEventLoop.run(NioEventLoop.java:310)
 io.netty.util.concurrent.SingleThreadEventExecutor$2.run(SingleThreadEventExecutor.java:112)
 java.lang.Thread.run(Thread.java:748)
29-Jan-2018 19:56:59.933 WARNING [localhost-startStop-1] org.apache.catalina.loader.WebappClassLoaderBase.clearReferencesThreads The web application [ROOT] appears to have started a thread named [JSF-CLI-RC-com.jd.jsf.service.RegistryService-6-T-1] but has failed to stop it. This is very likely to create a memory leak. Stack trace of thread:
 sun.misc.Unsafe.park(Native Method)
 java.util.concurrent.locks.LockSupport.parkNanos(LockSupport.java:215)
 java.util.concurrent.locks.AbstractQueuedSynchronizer$ConditionObject.awaitNanos(AbstractQueuedSynchronizer.java:2078)
 java.util.concurrent.ScheduledThreadPoolExecutor$DelayedWorkQueue.take(ScheduledThreadPoolExecutor.java:1093)
 java.util.concurrent.ScheduledThreadPoolExecutor$DelayedWorkQueue.take(ScheduledThreadPoolExecutor.java:809)
 java.util.concurrent.ThreadPoolExecutor.getTask(ThreadPoolExecutor.java:1067)
 java.util.concurrent.ThreadPoolExecutor.runWorker(ThreadPoolExecutor.java:1127)
 java.util.concurrent.ThreadPoolExecutor$Worker.run(ThreadPoolExecutor.java:617)
 java.lang.Thread.run(Thread.java:748)
29-Jan-2018 19:56:59.934 WARNING [localhost-startStop-1] org.apache.catalina.loader.WebappClassLoaderBase.clearReferencesThreads The web application [ROOT] appears to have started a thread named [CLIENT_SIDE_RINGBUFFER] but has failed to stop it. This is very likely to create a memory leak. Stack trace of thread:
 sun.misc.Unsafe.park(Native Method)
 java.util.concurrent.locks.LockSupport.park(LockSupport.java:175)
 java.util.concurrent.locks.AbstractQueuedSynchronizer$ConditionObject.await(AbstractQueuedSynchronizer.java:2039)
 com.jd.jsf.gd.util.ringbuf.RingBuffer.waitData(RingBuffer.java:211)
 com.jd.jsf.gd.util.ringbuf.RingBuffer.get(RingBuffer.java:126)
 com.jd.jsf.gd.util.ringbuf.RingBufferService$DispatchTask.run(RingBufferService.java:195)
 java.lang.Thread.run(Thread.java:748)
29-Jan-2018 19:56:59.935 WARNING [localhost-startStop-1] org.apache.catalina.loader.WebappClassLoaderBase.clearReferencesThreads The web application [ROOT] appears to have started a thread named [JSF-jsfRegistry-HB&Retry-7-T-1] but has failed to stop it. This is very likely to create a memory leak. Stack trace of thread:
 sun.misc.Unsafe.park(Native Method)
 java.util.concurrent.locks.LockSupport.parkNanos(LockSupport.java:215)
 java.util.concurrent.locks.AbstractQueuedSynchronizer$ConditionObject.awaitNanos(AbstractQueuedSynchronizer.java:2078)
 java.util.concurrent.ScheduledThreadPoolExecutor$DelayedWorkQueue.take(ScheduledThreadPoolExecutor.java:1093)
 java.util.concurrent.ScheduledThreadPoolExecutor$DelayedWorkQueue.take(ScheduledThreadPoolExecutor.java:809)
 java.util.concurrent.ThreadPoolExecutor.getTask(ThreadPoolExecutor.java:1067)
 java.util.concurrent.ThreadPoolExecutor.runWorker(ThreadPoolExecutor.java:1127)
 java.util.concurrent.ThreadPoolExecutor$Worker.run(ThreadPoolExecutor.java:617)
 java.lang.Thread.run(Thread.java:748)
29-Jan-2018 19:56:59.935 WARNING [localhost-startStop-1] org.apache.catalina.loader.WebappClassLoaderBase.clearReferencesThreads The web application [ROOT] appears to have started a thread named [JSF-jsfRegistry-Check-8-T-1] but has failed to stop it. This is very likely to create a memory leak. Stack trace of thread:
 sun.misc.Unsafe.park(Native Method)
 java.util.concurrent.locks.LockSupport.parkNanos(LockSupport.java:215)
 java.util.concurrent.locks.AbstractQueuedSynchronizer$ConditionObject.awaitNanos(AbstractQueuedSynchronizer.java:2078)
 java.util.concurrent.ScheduledThreadPoolExecutor$DelayedWorkQueue.take(ScheduledThreadPoolExecutor.java:1093)
 java.util.concurrent.ScheduledThreadPoolExecutor$DelayedWorkQueue.take(ScheduledThreadPoolExecutor.java:809)
 java.util.concurrent.ThreadPoolExecutor.getTask(ThreadPoolExecutor.java:1067)
 java.util.concurrent.ThreadPoolExecutor.runWorker(ThreadPoolExecutor.java:1127)
 java.util.concurrent.ThreadPoolExecutor$Worker.run(ThreadPoolExecutor.java:617)
 java.lang.Thread.run(Thread.java:748)
29-Jan-2018 19:56:59.936 WARNING [localhost-startStop-1] org.apache.catalina.loader.WebappClassLoaderBase.clearReferencesThreads The web application [ROOT] appears to have started a thread named [CfsHeartbeat-1517227019371] but has failed to stop it. This is very likely to create a memory leak. Stack trace of thread:
 java.net.SocketInputStream.socketRead0(Native Method)
 java.net.SocketInputStream.socketRead(SocketInputStream.java:116)
 java.net.SocketInputStream.read(SocketInputStream.java:171)
 java.net.SocketInputStream.read(SocketInputStream.java:141)
 java.io.BufferedInputStream.fill(BufferedInputStream.java:246)
 java.io.BufferedInputStream.read1(BufferedInputStream.java:286)
 java.io.BufferedInputStream.read(BufferedInputStream.java:345)
 sun.net.www.http.HttpClient.parseHTTPHeader(HttpClient.java:735)
 sun.net.www.http.HttpClient.parseHTTP(HttpClient.java:678)
 sun.net.www.protocol.http.HttpURLConnection.getInputStream0(HttpURLConnection.java:1569)
 sun.net.www.protocol.http.HttpURLConnection.getInputStream(HttpURLConnection.java:1474)
 sun.net.www.protocol.http.HttpURLConnection.getHeaderFields(HttpURLConnection.java:3005)
 com.jd.jim.cli.common.HttpClient.request(HttpClient.java:335)
 com.jd.jim.cli.common.HttpClient.text(HttpClient.java:280)
 com.jd.jim.cli.config.client.ConfigLongPollingClient.doRequest(ConfigLongPollingClient.java:191)
 com.jd.jim.cli.config.client.ConfigLongPollingClient.ping(ConfigLongPollingClient.java:187)
 com.jd.jim.cli.config.client.ConfigLongPollingClient$LongPolling.poll(ConfigLongPollingClient.java:100)
 com.jd.jim.cli.config.client.ConfigLongPollingClient$LongPolling.run(ConfigLongPollingClient.java:84)
 java.util.concurrent.Executors$RunnableAdapter.call(Executors.java:511)
 java.util.concurrent.FutureTask.run(FutureTask.java:266)
 java.util.concurrent.ThreadPoolExecutor.runWorker(ThreadPoolExecutor.java:1142)
 java.util.concurrent.ThreadPoolExecutor$Worker.run(ThreadPoolExecutor.java:617)
 java.lang.Thread.run(Thread.java:748)
29-Jan-2018 19:56:59.937 WARNING [localhost-startStop-1] org.apache.catalina.loader.WebappClassLoaderBase.clearReferencesThreads The web application [ROOT] appears to have started a thread named [pool-6-thread-1] but has failed to stop it. This is very likely to create a memory leak. Stack trace of thread:
 sun.misc.Unsafe.park(Native Method)
 java.util.concurrent.locks.LockSupport.parkNanos(LockSupport.java:215)
 java.util.concurrent.locks.AbstractQueuedSynchronizer$ConditionObject.awaitNanos(AbstractQueuedSynchronizer.java:2078)
 java.util.concurrent.ScheduledThreadPoolExecutor$DelayedWorkQueue.take(ScheduledThreadPoolExecutor.java:1093)
 java.util.concurrent.ScheduledThreadPoolExecutor$DelayedWorkQueue.take(ScheduledThreadPoolExecutor.java:809)
 java.util.concurrent.ThreadPoolExecutor.getTask(ThreadPoolExecutor.java:1067)
 java.util.concurrent.ThreadPoolExecutor.runWorker(ThreadPoolExecutor.java:1127)
 java.util.concurrent.ThreadPoolExecutor$Worker.run(ThreadPoolExecutor.java:617)
 java.lang.Thread.run(Thread.java:748)
29-Jan-2018 19:56:59.938 SEVERE [localhost-startStop-1] org.apache.catalina.loader.WebappClassLoaderBase.checkThreadLocalMapForLeaks The web application [ROOT] created a ThreadLocal with key of type [com.jd.jsf.gd.util.RpcContext$1] (value [com.jd.jsf.gd.util.RpcContext$1@74ded030]) and a value of type [com.jd.jsf.gd.util.RpcContext] (value [com.jd.jsf.gd.util.RpcContext@4a998021]) but failed to remove it when the web application was stopped. Threads are going to be renewed over time to try and avoid a probable memory leak.
29-Jan-2018 19:56:59.939 SEVERE [localhost-startStop-1] org.apache.catalina.loader.WebappClassLoaderBase.checkThreadLocalMapForLeaks The web application [ROOT] created a ThreadLocal with key of type [java.lang.ThreadLocal] (value [java.lang.ThreadLocal@12602052]) and a value of type [io.netty.util.internal.InternalThreadLocalMap] (value [io.netty.util.internal.InternalThreadLocalMap@103d3d7e]) but failed to remove it when the web application was stopped. Threads are going to be renewed over time to try and avoid a probable memory leak.
29-Jan-2018 19:56:59.940 SEVERE [localhost-startStop-1] org.apache.catalina.loader.WebappClassLoaderBase.checkThreadLocalMapForLeaks The web application [ROOT] created a ThreadLocal with key of type [java.lang.ThreadLocal] (value [java.lang.ThreadLocal@12602052]) and a value of type [io.netty.util.internal.InternalThreadLocalMap] (value [io.netty.util.internal.InternalThreadLocalMap@16233fd0]) but failed to remove it when the web application was stopped. Threads are going to be renewed over time to try and avoid a probable memory leak.
29-Jan-2018 19:56:59.953 INFO [localhost-startStop-1] org.apache.catalina.startup.HostConfig.deployDescriptor Deployment of configuration descriptor /export/Domains/ffs.jd.com/server1/conf/Catalina/localhost/ROOT.xml has finished in 9,692 ms
29-Jan-2018 19:56:59.957 INFO [main] org.apache.coyote.AbstractProtocol.start Starting ProtocolHandler [http-nio-8018]
29-Jan-2018 19:56:59.978 INFO [main] org.apache.catalina.startup.Catalina.start Server startup in 9754 ms




^C
[root@host ffs.jd.com]# ps -ef |grep ffs
root      7311     1 13 19:56 pts/1    00:00:30 /export/servers/jdk1.8.0_131/bin/java -Djava.util.logging.config.file=/export/Domains/ffs.jd.com/server1/conf/logging.properties -Djava.util.logging.manager=org.apache.juli.ClassLoaderLogManager -Djava.library.path=/usr/local/lib -server -Xms1024m -Xmx1024m -XX:MaxPermSize=256m -Djava.awt.headless=true -Dsun.net.client.defaultConnectTimeout=60000 -Dsun.net.client.defaultReadTimeout=60000 -Djmagick.systemclassloader=no -Dnetworkaddress.cache.ttl=300 -Dsun.net.inetaddr.ttl=300 -Djdk.tls.ephemeralDHKeySize=2048 -Djava.protocol.handler.pkgs=org.apache.catalina.webresources -classpath /export/servers/tomcat8.5.12/bin/bootstrap.jar:/export/servers/tomcat8.5.12/bin/tomcat-juli.jar -Dcatalina.base=/export/Domains/ffs.jd.com/server1 -Dcatalina.home=/export/servers/tomcat8.5.12 -Djava.io.tmpdir=/export/Domains/ffs.jd.com/server1/temp org.apache.catalina.startup.Bootstrap -config /export/Domains/ffs.jd.com/server1/conf/server.xml start
root      7484  6697  0 20:00 pts/1    00:00:00 grep ffs
[root@host ffs.jd.com]# kill -9 7311
[root@host ffs.jd.com]# ps -ef |grep ffs
root      7486  6697  0 20:00 pts/1    00:00:00 grep ffs
[root@host ffs.jd.com]# 
[root@host ffs.jd.com]# 
[root@host ffs.jd.com]# 
[root@host ffs.jd.com]# 
[root@host ffs.jd.com]# 
[root@host ffs.jd.com]# 
[root@host ffs.jd.com]# 
[root@host ffs.jd.com]# lsof -i:8009
COMMAND   PID USER   FD   TYPE   DEVICE SIZE/OFF NODE NAME
java    11382 root   54u  IPv6 51639228      0t0  TCP *:8009 (LISTEN)
[root@host ffs.jd.com]# 
[root@host ffs.jd.com]# 
[root@host ffs.jd.com]# 
[root@host ffs.jd.com]# ./start.sh ;tail -f catalina.out 
Using CATALINA_BASE:   /export/Domains/ffs.jd.com/server1
Using CATALINA_HOME:   /export/servers/tomcat8.5.12
Using CATALINA_TMPDIR: /export/Domains/ffs.jd.com/server1/temp
Using JRE_HOME:        /export/servers/jdk1.8.0_131
Using CLASSPATH:       /export/servers/tomcat8.5.12/bin/bootstrap.jar:/export/servers/tomcat8.5.12/bin/tomcat-juli.jar
Tomcat started.
tail: inotify cannot be used, reverting to polling
 java.util.concurrent.ThreadPoolExecutor.getTask(ThreadPoolExecutor.java:1067)
 java.util.concurrent.ThreadPoolExecutor.runWorker(ThreadPoolExecutor.java:1127)
 java.util.concurrent.ThreadPoolExecutor$Worker.run(ThreadPoolExecutor.java:617)
 java.lang.Thread.run(Thread.java:748)
29-Jan-2018 19:56:59.938 SEVERE [localhost-startStop-1] org.apache.catalina.loader.WebappClassLoaderBase.checkThreadLocalMapForLeaks The web application [ROOT] created a ThreadLocal with key of type [com.jd.jsf.gd.util.RpcContext$1] (value [com.jd.jsf.gd.util.RpcContext$1@74ded030]) and a value of type [com.jd.jsf.gd.util.RpcContext] (value [com.jd.jsf.gd.util.RpcContext@4a998021]) but failed to remove it when the web application was stopped. Threads are going to be renewed over time to try and avoid a probable memory leak.
29-Jan-2018 19:56:59.939 SEVERE [localhost-startStop-1] org.apache.catalina.loader.WebappClassLoaderBase.checkThreadLocalMapForLeaks The web application [ROOT] created a ThreadLocal with key of type [java.lang.ThreadLocal] (value [java.lang.ThreadLocal@12602052]) and a value of type [io.netty.util.internal.InternalThreadLocalMap] (value [io.netty.util.internal.InternalThreadLocalMap@103d3d7e]) but failed to remove it when the web application was stopped. Threads are going to be renewed over time to try and avoid a probable memory leak.
29-Jan-2018 19:56:59.940 SEVERE [localhost-startStop-1] org.apache.catalina.loader.WebappClassLoaderBase.checkThreadLocalMapForLeaks The web application [ROOT] created a ThreadLocal with key of type [java.lang.ThreadLocal] (value [java.lang.ThreadLocal@12602052]) and a value of type [io.netty.util.internal.InternalThreadLocalMap] (value [io.netty.util.internal.InternalThreadLocalMap@16233fd0]) but failed to remove it when the web application was stopped. Threads are going to be renewed over time to try and avoid a probable memory leak.
29-Jan-2018 19:56:59.953 INFO [localhost-startStop-1] org.apache.catalina.startup.HostConfig.deployDescriptor Deployment of configuration descriptor /export/Domains/ffs.jd.com/server1/conf/Catalina/localhost/ROOT.xml has finished in 9,692 ms
29-Jan-2018 19:56:59.957 INFO [main] org.apache.coyote.AbstractProtocol.start Starting ProtocolHandler [http-nio-8018]
29-Jan-2018 19:56:59.978 INFO [main] org.apache.catalina.startup.Catalina.start Server startup in 9754 ms
Java HotSpot(TM) 64-Bit Server VM warning: ignoring option MaxPermSize=256m; support was removed in 8.0
29-Jan-2018 20:05:13.468 INFO [main] org.apache.catalina.startup.VersionLoggerListener.log Server version:        Apache Tomcat/8.5.12
29-Jan-2018 20:05:13.471 INFO [main] org.apache.catalina.startup.VersionLoggerListener.log Server built:          Mar 8 2017 17:41:47 UTC
29-Jan-2018 20:05:13.471 INFO [main] org.apache.catalina.startup.VersionLoggerListener.log Server number:         8.5.12.0
29-Jan-2018 20:05:13.471 INFO [main] org.apache.catalina.startup.VersionLoggerListener.log OS Name:               Linux
29-Jan-2018 20:05:13.472 INFO [main] org.apache.catalina.startup.VersionLoggerListener.log OS Version:            2.6.32-431.el6.x86_64
29-Jan-2018 20:05:13.472 INFO [main] org.apache.catalina.startup.VersionLoggerListener.log Architecture:          amd64
29-Jan-2018 20:05:13.472 INFO [main] org.apache.catalina.startup.VersionLoggerListener.log Java Home:             /export/servers/jdk1.8.0_131/jre
29-Jan-2018 20:05:13.472 INFO [main] org.apache.catalina.startup.VersionLoggerListener.log JVM Version:           1.8.0_131-b11
29-Jan-2018 20:05:13.472 INFO [main] org.apache.catalina.startup.VersionLoggerListener.log JVM Vendor:            Oracle Corporation
29-Jan-2018 20:05:13.472 INFO [main] org.apache.catalina.startup.VersionLoggerListener.log CATALINA_BASE:         /export/Domains/ffs.jd.com/server1
29-Jan-2018 20:05:13.472 INFO [main] org.apache.catalina.startup.VersionLoggerListener.log CATALINA_HOME:         /export/servers/tomcat8.5.12
29-Jan-2018 20:05:13.473 INFO [main] org.apache.catalina.startup.VersionLoggerListener.log Command line argument: -Djava.util.logging.config.file=/export/Domains/ffs.jd.com/server1/conf/logging.properties
29-Jan-2018 20:05:13.473 INFO [main] org.apache.catalina.startup.VersionLoggerListener.log Command line argument: -Djava.util.logging.manager=org.apache.juli.ClassLoaderLogManager
29-Jan-2018 20:05:13.473 INFO [main] org.apache.catalina.startup.VersionLoggerListener.log Command line argument: -Djava.library.path=/usr/local/lib
29-Jan-2018 20:05:13.473 INFO [main] org.apache.catalina.startup.VersionLoggerListener.log Command line argument: -Xms1024m
29-Jan-2018 20:05:13.473 INFO [main] org.apache.catalina.startup.VersionLoggerListener.log Command line argument: -Xmx1024m
29-Jan-2018 20:05:13.473 INFO [main] org.apache.catalina.startup.VersionLoggerListener.log Command line argument: -XX:MaxPermSize=256m
29-Jan-2018 20:05:13.473 INFO [main] org.apache.catalina.startup.VersionLoggerListener.log Command line argument: -Djava.awt.headless=true
29-Jan-2018 20:05:13.473 INFO [main] org.apache.catalina.startup.VersionLoggerListener.log Command line argument: -Dsun.net.client.defaultConnectTimeout=60000
29-Jan-2018 20:05:13.473 INFO [main] org.apache.catalina.startup.VersionLoggerListener.log Command line argument: -Dsun.net.client.defaultReadTimeout=60000
29-Jan-2018 20:05:13.474 INFO [main] org.apache.catalina.startup.VersionLoggerListener.log Command line argument: -Djmagick.systemclassloader=no
29-Jan-2018 20:05:13.474 INFO [main] org.apache.catalina.startup.VersionLoggerListener.log Command line argument: -Dnetworkaddress.cache.ttl=300
29-Jan-2018 20:05:13.474 INFO [main] org.apache.catalina.startup.VersionLoggerListener.log Command line argument: -Dsun.net.inetaddr.ttl=300
29-Jan-2018 20:05:13.474 INFO [main] org.apache.catalina.startup.VersionLoggerListener.log Command line argument: -Djdk.tls.ephemeralDHKeySize=2048
29-Jan-2018 20:05:13.474 INFO [main] org.apache.catalina.startup.VersionLoggerListener.log Command line argument: -Djava.protocol.handler.pkgs=org.apache.catalina.webresources
29-Jan-2018 20:05:13.474 INFO [main] org.apache.catalina.startup.VersionLoggerListener.log Command line argument: -Dcatalina.base=/export/Domains/ffs.jd.com/server1
29-Jan-2018 20:05:13.474 INFO [main] org.apache.catalina.startup.VersionLoggerListener.log Command line argument: -Dcatalina.home=/export/servers/tomcat8.5.12
29-Jan-2018 20:05:13.474 INFO [main] org.apache.catalina.startup.VersionLoggerListener.log Command line argument: -Djava.io.tmpdir=/export/Domains/ffs.jd.com/server1/temp
29-Jan-2018 20:05:13.474 INFO [main] org.apache.catalina.core.AprLifecycleListener.lifecycleEvent The APR based Apache Tomcat Native library which allows optimal performance in production environments was not found on the java.library.path: /usr/local/lib
29-Jan-2018 20:05:13.633 INFO [main] org.apache.coyote.AbstractProtocol.init Initializing ProtocolHandler ["http-nio-8018"]
29-Jan-2018 20:05:13.653 INFO [main] org.apache.tomcat.util.net.NioSelectorPool.getSharedSelector Using a shared selector for servlet write/read
29-Jan-2018 20:05:13.656 INFO [main] org.apache.coyote.AbstractProtocol.init Initializing ProtocolHandler ["ajp-nio-8009"]
29-Jan-2018 20:05:13.659 SEVERE [main] org.apache.coyote.AbstractProtocol.init Failed to initialize end point associated with ProtocolHandler ["ajp-nio-8009"]
 java.net.BindException: Address already in use
	at sun.nio.ch.Net.bind0(Native Method)
	at sun.nio.ch.Net.bind(Net.java:433)
	at sun.nio.ch.Net.bind(Net.java:425)
	at sun.nio.ch.ServerSocketChannelImpl.bind(ServerSocketChannelImpl.java:223)
	at sun.nio.ch.ServerSocketAdaptor.bind(ServerSocketAdaptor.java:74)
	at org.apache.tomcat.util.net.NioEndpoint.bind(NioEndpoint.java:210)
	at org.apache.tomcat.util.net.AbstractEndpoint.init(AbstractEndpoint.java:972)
	at org.apache.tomcat.util.net.AbstractJsseEndpoint.init(AbstractJsseEndpoint.java:244)
	at org.apache.coyote.AbstractProtocol.init(AbstractProtocol.java:558)
	at org.apache.catalina.connector.Connector.initInternal(Connector.java:968)
	at org.apache.catalina.util.LifecycleBase.init(LifecycleBase.java:107)
	at org.apache.catalina.core.StandardService.initInternal(StandardService.java:549)
	at org.apache.catalina.util.LifecycleBase.init(LifecycleBase.java:107)
	at org.apache.catalina.core.StandardServer.initInternal(StandardServer.java:875)
	at org.apache.catalina.util.LifecycleBase.init(LifecycleBase.java:107)
	at org.apache.catalina.startup.Catalina.load(Catalina.java:606)
	at org.apache.catalina.startup.Catalina.load(Catalina.java:629)
	at sun.reflect.NativeMethodAccessorImpl.invoke0(Native Method)
	at sun.reflect.NativeMethodAccessorImpl.invoke(NativeMethodAccessorImpl.java:62)
	at sun.reflect.DelegatingMethodAccessorImpl.invoke(DelegatingMethodAccessorImpl.java:43)
	at java.lang.reflect.Method.invoke(Method.java:498)
	at org.apache.catalina.startup.Bootstrap.load(Bootstrap.java:311)
	at org.apache.catalina.startup.Bootstrap.main(Bootstrap.java:494)

29-Jan-2018 20:05:13.661 SEVERE [main] org.apache.catalina.core.StandardService.initInternal Failed to initialize connector [Connector[AJP/1.3-8009]]
 org.apache.catalina.LifecycleException: Failed to initialize component [Connector[AJP/1.3-8009]]
	at org.apache.catalina.util.LifecycleBase.init(LifecycleBase.java:112)
	at org.apache.catalina.core.StandardService.initInternal(StandardService.java:549)
	at org.apache.catalina.util.LifecycleBase.init(LifecycleBase.java:107)
	at org.apache.catalina.core.StandardServer.initInternal(StandardServer.java:875)
	at org.apache.catalina.util.LifecycleBase.init(LifecycleBase.java:107)
	at org.apache.catalina.startup.Catalina.load(Catalina.java:606)
	at org.apache.catalina.startup.Catalina.load(Catalina.java:629)
	at sun.reflect.NativeMethodAccessorImpl.invoke0(Native Method)
	at sun.reflect.NativeMethodAccessorImpl.invoke(NativeMethodAccessorImpl.java:62)
	at sun.reflect.DelegatingMethodAccessorImpl.invoke(DelegatingMethodAccessorImpl.java:43)
	at java.lang.reflect.Method.invoke(Method.java:498)
	at org.apache.catalina.startup.Bootstrap.load(Bootstrap.java:311)
	at org.apache.catalina.startup.Bootstrap.main(Bootstrap.java:494)
Caused by: org.apache.catalina.LifecycleException: Protocol handler initialization failed
	at org.apache.catalina.connector.Connector.initInternal(Connector.java:970)
	at org.apache.catalina.util.LifecycleBase.init(LifecycleBase.java:107)
	... 12 more
Caused by: java.net.BindException: Address already in use
	at sun.nio.ch.Net.bind0(Native Method)
	at sun.nio.ch.Net.bind(Net.java:433)
	at sun.nio.ch.Net.bind(Net.java:425)
	at sun.nio.ch.ServerSocketChannelImpl.bind(ServerSocketChannelImpl.java:223)
	at sun.nio.ch.ServerSocketAdaptor.bind(ServerSocketAdaptor.java:74)
	at org.apache.tomcat.util.net.NioEndpoint.bind(NioEndpoint.java:210)
	at org.apache.tomcat.util.net.AbstractEndpoint.init(AbstractEndpoint.java:972)
	at org.apache.tomcat.util.net.AbstractJsseEndpoint.init(AbstractJsseEndpoint.java:244)
	at org.apache.coyote.AbstractProtocol.init(AbstractProtocol.java:558)
	at org.apache.catalina.connector.Connector.initInternal(Connector.java:968)
	... 13 more

29-Jan-2018 20:05:13.662 INFO [main] org.apache.catalina.startup.Catalina.load Initialization processed in 621 ms
29-Jan-2018 20:05:13.687 INFO [main] org.apache.catalina.core.StandardService.startInternal Starting service Catalina
29-Jan-2018 20:05:13.687 INFO [main] org.apache.catalina.core.StandardEngine.startInternal Starting Servlet Engine: Apache Tomcat/8.5.12
29-Jan-2018 20:05:13.702 INFO [localhost-startStop-1] org.apache.catalina.startup.HostConfig.deployDescriptor Deploying configuration descriptor /export/Domains/ffs.jd.com/server1/conf/Catalina/localhost/ROOT.xml
29-Jan-2018 20:05:13.724 WARNING [localhost-startStop-1] org.apache.catalina.core.StandardContext.setPath A context path must either be an empty string or start with a '/' and do not end with a '/'. The path [/] does not meet these criteria and has been changed to []
29-Jan-2018 20:05:17.283 INFO [localhost-startStop-1] org.apache.jasper.servlet.TldScanner.scanJars At least one JAR was scanned for TLDs yet contained no TLDs. Enable debug logging for this logger for a complete list of JARs that were scanned but no TLDs were found in them. Skipping unneeded JARs during scanning can improve startup time and JSP compilation time.
SLF4J: Class path contains multiple SLF4J bindings.
SLF4J: Found binding in [jar:file:/export/App/ffs.jd.com/WEB-INF/lib/slf4j-log4j12-1.7.10.jar!/org/slf4j/impl/StaticLoggerBinder.class]
SLF4J: Found binding in [jar:file:/export/App/ffs.jd.com/WEB-INF/lib/log4j-slf4j-impl-2.2.jar!/org/slf4j/impl/StaticLoggerBinder.class]
SLF4J: See http://www.slf4j.org/codes.html#multiple_bindings for an explanation.
SLF4J: Actual binding is of type [org.slf4j.impl.Log4jLoggerFactory]
log4j:WARN No appenders could be found for logger (org.springframework.web.context.ContextLoader).
log4j:WARN Please initialize the log4j system properly.
log4j:WARN See http://logging.apache.org/log4j/1.2/faq.html#noconfig for more info.
29-Jan-2018 20:05:23.102 INFO [localhost-startStop-1] com.jd.security.tdeclient.TDEClient.InitClient Token ID:OGYzYjhhNWQtNjFiNS00MGExLWI1MzEtYTcyNjJjNDhlNTNi, its origin from BETA
29-Jan-2018 20:05:23.181 WARNING [localhost-startStop-1] com.jd.security.tde.HttpsClient.postJson test.kms.tde.jd.local
29-Jan-2018 20:05:23.182 WARNING [localhost-startStop-1] com.jd.security.tde.HttpsClient.postJson test.kms.tde.jd.local
29-Jan-2018 20:05:23.182 WARNING [localhost-startStop-1] com.jd.security.tde.HttpsClient.postJson test.kms.tde.jd.local
29-Jan-2018 20:05:23.182 SEVERE [localhost-startStop-1] com.jd.security.tde.HttpsClient.postJson HTTPS Client cannot establish connections.
29-Jan-2018 20:05:23.182 SEVERE [localhost-startStop-1] com.jd.security.tdeclient.KMClient.FetchMKeys HTTPS Client cannot establish connections.
29-Jan-2018 20:05:23.189 WARNING [localhost-startStop-1] com.jd.security.tdeclient.KMClient.FetchMKeys Start using keys from other options (cache file or backup).
29-Jan-2018 20:05:23.189 SEVERE [localhost-startStop-1] com.jd.security.tdeclient.TDEClient.InitClient null
log4j:WARN Continuable parsing error 3 and column 28
log4j:WARN Document root element "Configuration", must match DOCTYPE root "null".
log4j:WARN Continuable parsing error 3 and column 28
log4j:WARN Document is invalid: no grammar found.
log4j:ERROR DOM element is - not a <log4j:configuration> element.
29-Jan-2018 20:05:23.237 SEVERE [localhost-startStop-1] org.apache.catalina.core.StandardContext.startInternal One or more listeners failed to start. Full details will be found in the appropriate container log file















29-Jan-2018 20:05:34.846 INFO [localhost-startStop-1] org.apache.catalina.util.SessionIdGeneratorBase.createSecureRandom Creation of SecureRandom instance for session ID generation using [SHA1PRNG] took [11,606] milliseconds.
29-Jan-2018 20:05:34.846 SEVERE [localhost-startStop-1] org.apache.catalina.core.StandardContext.startInternal Context [] startup failed due to previous errors
29-Jan-2018 20:05:34.861 WARNING [localhost-startStop-1] org.apache.catalina.loader.WebappClassLoaderBase.clearReferencesJdbc The web application [ROOT] registered the JDBC driver [com.mysql.jdbc.Driver] but failed to unregister it when the web application was stopped. To prevent a memory leak, the JDBC Driver has been forcibly unregistered.
29-Jan-2018 20:05:34.862 WARNING [localhost-startStop-1] org.apache.catalina.loader.WebappClassLoaderBase.clearReferencesThreads The web application [ROOT] appears to have started a thread named [Abandoned connection cleanup thread] but has failed to stop it. This is very likely to create a memory leak. Stack trace of thread:
 java.lang.Object.wait(Native Method)
 java.lang.ref.ReferenceQueue.remove(ReferenceQueue.java:143)
 com.mysql.jdbc.AbandonedConnectionCleanupThread.run(AbandonedConnectionCleanupThread.java:40)
29-Jan-2018 20:05:34.866 WARNING [localhost-startStop-1] org.apache.catalina.loader.WebappClassLoaderBase.clearReferencesThreads The web application [ROOT] appears to have started a thread named [Timer-0] but has failed to stop it. This is very likely to create a memory leak. Stack trace of thread:
 java.lang.Object.wait(Native Method)
 java.util.TimerThread.mainLoop(Timer.java:552)
 java.util.TimerThread.run(Timer.java:505)
29-Jan-2018 20:05:34.867 WARNING [localhost-startStop-1] org.apache.catalina.loader.WebappClassLoaderBase.clearReferencesThreads The web application [ROOT] appears to have started a thread named [JSF-Future-Checker-0-T-1] but has failed to stop it. This is very likely to create a memory leak. Stack trace of thread:
 sun.misc.Unsafe.park(Native Method)
 java.util.concurrent.locks.LockSupport.parkNanos(LockSupport.java:215)
 java.util.concurrent.locks.AbstractQueuedSynchronizer$ConditionObject.awaitNanos(AbstractQueuedSynchronizer.java:2078)
 java.util.concurrent.ScheduledThreadPoolExecutor$DelayedWorkQueue.take(ScheduledThreadPoolExecutor.java:1093)
 java.util.concurrent.ScheduledThreadPoolExecutor$DelayedWorkQueue.take(ScheduledThreadPoolExecutor.java:809)
 java.util.concurrent.ThreadPoolExecutor.getTask(ThreadPoolExecutor.java:1067)
 java.util.concurrent.ThreadPoolExecutor.runWorker(ThreadPoolExecutor.java:1127)
 java.util.concurrent.ThreadPoolExecutor$Worker.run(ThreadPoolExecutor.java:617)
 java.lang.Thread.run(Thread.java:748)
29-Jan-2018 20:05:34.868 WARNING [localhost-startStop-1] org.apache.catalina.loader.WebappClassLoaderBase.clearReferencesThreads The web application [ROOT] appears to have started a thread named [JSF-Future-Checker-CB-1-T-1] but has failed to stop it. This is very likely to create a memory leak. Stack trace of thread:
 sun.misc.Unsafe.park(Native Method)
 java.util.concurrent.locks.LockSupport.parkNanos(LockSupport.java:215)
 java.util.concurrent.locks.AbstractQueuedSynchronizer$ConditionObject.awaitNanos(AbstractQueuedSynchronizer.java:2078)
 java.util.concurrent.ScheduledThreadPoolExecutor$DelayedWorkQueue.take(ScheduledThreadPoolExecutor.java:1093)
 java.util.concurrent.ScheduledThreadPoolExecutor$DelayedWorkQueue.take(ScheduledThreadPoolExecutor.java:809)
 java.util.concurrent.ThreadPoolExecutor.getTask(ThreadPoolExecutor.java:1067)
 java.util.concurrent.ThreadPoolExecutor.runWorker(ThreadPoolExecutor.java:1127)
 java.util.concurrent.ThreadPoolExecutor$Worker.run(ThreadPoolExecutor.java:617)
 java.lang.Thread.run(Thread.java:748)
29-Jan-2018 20:05:34.868 WARNING [localhost-startStop-1] org.apache.catalina.loader.WebappClassLoaderBase.clearReferencesThreads The web application [ROOT] appears to have started a thread named [JSF-FileRegistry-Back-Load-2-T-1] but has failed to stop it. This is very likely to create a memory leak. Stack trace of thread:
 sun.misc.Unsafe.park(Native Method)
 java.util.concurrent.locks.LockSupport.parkNanos(LockSupport.java:215)
 java.util.concurrent.locks.AbstractQueuedSynchronizer$ConditionObject.awaitNanos(AbstractQueuedSynchronizer.java:2078)
 java.util.concurrent.ScheduledThreadPoolExecutor$DelayedWorkQueue.take(ScheduledThreadPoolExecutor.java:1093)
 java.util.concurrent.ScheduledThreadPoolExecutor$DelayedWorkQueue.take(ScheduledThreadPoolExecutor.java:809)
 java.util.concurrent.ThreadPoolExecutor.getTask(ThreadPoolExecutor.java:1067)
 java.util.concurrent.ThreadPoolExecutor.runWorker(ThreadPoolExecutor.java:1127)
 java.util.concurrent.ThreadPoolExecutor$Worker.run(ThreadPoolExecutor.java:617)
 java.lang.Thread.run(Thread.java:748)
29-Jan-2018 20:05:34.869 WARNING [localhost-startStop-1] org.apache.catalina.loader.WebappClassLoaderBase.clearReferencesThreads The web application [ROOT] appears to have started a thread named [JSF-CLI-WORKER-5-T-1] but has failed to stop it. This is very likely to create a memory leak. Stack trace of thread:
 sun.nio.ch.EPollArrayWrapper.epollWait(Native Method)
 sun.nio.ch.EPollArrayWrapper.poll(EPollArrayWrapper.java:269)
 sun.nio.ch.EPollSelectorImpl.doSelect(EPollSelectorImpl.java:93)
 sun.nio.ch.SelectorImpl.lockAndDoSelect(SelectorImpl.java:86)
 sun.nio.ch.SelectorImpl.select(SelectorImpl.java:97)
 io.netty.channel.nio.NioEventLoop.select(NioEventLoop.java:622)
 io.netty.channel.nio.NioEventLoop.run(NioEventLoop.java:310)
 io.netty.util.concurrent.SingleThreadEventExecutor$2.run(SingleThreadEventExecutor.java:112)
 java.lang.Thread.run(Thread.java:748)
29-Jan-2018 20:05:34.870 WARNING [localhost-startStop-1] org.apache.catalina.loader.WebappClassLoaderBase.clearReferencesThreads The web application [ROOT] appears to have started a thread named [JSF-CLI-RC-com.jd.jsf.service.RegistryService-6-T-1] but has failed to stop it. This is very likely to create a memory leak. Stack trace of thread:
 sun.misc.Unsafe.park(Native Method)
 java.util.concurrent.locks.LockSupport.parkNanos(LockSupport.java:215)
 java.util.concurrent.locks.AbstractQueuedSynchronizer$ConditionObject.awaitNanos(AbstractQueuedSynchronizer.java:2078)
 java.util.concurrent.ScheduledThreadPoolExecutor$DelayedWorkQueue.take(ScheduledThreadPoolExecutor.java:1093)
 java.util.concurrent.ScheduledThreadPoolExecutor$DelayedWorkQueue.take(ScheduledThreadPoolExecutor.java:809)
 java.util.concurrent.ThreadPoolExecutor.getTask(ThreadPoolExecutor.java:1067)
 java.util.concurrent.ThreadPoolExecutor.runWorker(ThreadPoolExecutor.java:1127)
 java.util.concurrent.ThreadPoolExecutor$Worker.run(ThreadPoolExecutor.java:617)
 java.lang.Thread.run(Thread.java:748)
29-Jan-2018 20:05:34.871 WARNING [localhost-startStop-1] org.apache.catalina.loader.WebappClassLoaderBase.clearReferencesThreads The web application [ROOT] appears to have started a thread named [CLIENT_SIDE_RINGBUFFER] but has failed to stop it. This is very likely to create a memory leak. Stack trace of thread:
 sun.misc.Unsafe.park(Native Method)
 java.util.concurrent.locks.LockSupport.park(LockSupport.java:175)
 java.util.concurrent.locks.AbstractQueuedSynchronizer$ConditionObject.await(AbstractQueuedSynchronizer.java:2039)
 com.jd.jsf.gd.util.ringbuf.RingBuffer.waitData(RingBuffer.java:211)
 com.jd.jsf.gd.util.ringbuf.RingBuffer.get(RingBuffer.java:126)
 com.jd.jsf.gd.util.ringbuf.RingBufferService$DispatchTask.run(RingBufferService.java:195)
 java.lang.Thread.run(Thread.java:748)
29-Jan-2018 20:05:34.871 WARNING [localhost-startStop-1] org.apache.catalina.loader.WebappClassLoaderBase.clearReferencesThreads The web application [ROOT] appears to have started a thread named [JSF-jsfRegistry-HB&Retry-7-T-1] but has failed to stop it. This is very likely to create a memory leak. Stack trace of thread:
 sun.misc.Unsafe.park(Native Method)
 java.util.concurrent.locks.LockSupport.parkNanos(LockSupport.java:215)
 java.util.concurrent.locks.AbstractQueuedSynchronizer$ConditionObject.awaitNanos(AbstractQueuedSynchronizer.java:2078)
 java.util.concurrent.ScheduledThreadPoolExecutor$DelayedWorkQueue.take(ScheduledThreadPoolExecutor.java:1093)
 java.util.concurrent.ScheduledThreadPoolExecutor$DelayedWorkQueue.take(ScheduledThreadPoolExecutor.java:809)
 java.util.concurrent.ThreadPoolExecutor.getTask(ThreadPoolExecutor.java:1067)
 java.util.concurrent.ThreadPoolExecutor.runWorker(ThreadPoolExecutor.java:1127)
 java.util.concurrent.ThreadPoolExecutor$Worker.run(ThreadPoolExecutor.java:617)
 java.lang.Thread.run(Thread.java:748)
29-Jan-2018 20:05:34.872 WARNING [localhost-startStop-1] org.apache.catalina.loader.WebappClassLoaderBase.clearReferencesThreads The web application [ROOT] appears to have started a thread named [JSF-jsfRegistry-Check-8-T-1] but has failed to stop it. This is very likely to create a memory leak. Stack trace of thread:
 sun.misc.Unsafe.park(Native Method)
 java.util.concurrent.locks.LockSupport.parkNanos(LockSupport.java:215)
 java.util.concurrent.locks.AbstractQueuedSynchronizer$ConditionObject.awaitNanos(AbstractQueuedSynchronizer.java:2078)
 java.util.concurrent.ScheduledThreadPoolExecutor$DelayedWorkQueue.take(ScheduledThreadPoolExecutor.java:1093)
 java.util.concurrent.ScheduledThreadPoolExecutor$DelayedWorkQueue.take(ScheduledThreadPoolExecutor.java:809)
 java.util.concurrent.ThreadPoolExecutor.getTask(ThreadPoolExecutor.java:1067)
 java.util.concurrent.ThreadPoolExecutor.runWorker(ThreadPoolExecutor.java:1127)
 java.util.concurrent.ThreadPoolExecutor$Worker.run(ThreadPoolExecutor.java:617)
 java.lang.Thread.run(Thread.java:748)
29-Jan-2018 20:05:34.872 WARNING [localhost-startStop-1] org.apache.catalina.loader.WebappClassLoaderBase.clearReferencesThreads The web application [ROOT] appears to have started a thread named [JSF-CLI-WORKER-5-T-2] but has failed to stop it. This is very likely to create a memory leak. Stack trace of thread:
 sun.nio.ch.EPollArrayWrapper.epollWait(Native Method)
 sun.nio.ch.EPollArrayWrapper.poll(EPollArrayWrapper.java:269)
 sun.nio.ch.EPollSelectorImpl.doSelect(EPollSelectorImpl.java:93)
 sun.nio.ch.SelectorImpl.lockAndDoSelect(SelectorImpl.java:86)
 sun.nio.ch.SelectorImpl.select(SelectorImpl.java:97)
 io.netty.channel.nio.NioEventLoop.select(NioEventLoop.java:622)
 io.netty.channel.nio.NioEventLoop.run(NioEventLoop.java:310)
 io.netty.util.concurrent.SingleThreadEventExecutor$2.run(SingleThreadEventExecutor.java:112)
 java.lang.Thread.run(Thread.java:748)
29-Jan-2018 20:05:34.873 WARNING [localhost-startStop-1] org.apache.catalina.loader.WebappClassLoaderBase.clearReferencesThreads The web application [ROOT] appears to have started a thread named [CfsHeartbeat-1517227522749] but has failed to stop it. This is very likely to create a memory leak. Stack trace of thread:
 java.net.SocketInputStream.socketRead0(Native Method)
 java.net.SocketInputStream.socketRead(SocketInputStream.java:116)
 java.net.SocketInputStream.read(SocketInputStream.java:171)
 java.net.SocketInputStream.read(SocketInputStream.java:141)
 java.io.BufferedInputStream.fill(BufferedInputStream.java:246)
 java.io.BufferedInputStream.read1(BufferedInputStream.java:286)
 java.io.BufferedInputStream.read(BufferedInputStream.java:345)
 sun.net.www.http.HttpClient.parseHTTPHeader(HttpClient.java:735)
 sun.net.www.http.HttpClient.parseHTTP(HttpClient.java:678)
 sun.net.www.protocol.http.HttpURLConnection.getInputStream0(HttpURLConnection.java:1569)
 sun.net.www.protocol.http.HttpURLConnection.getInputStream(HttpURLConnection.java:1474)
 sun.net.www.protocol.http.HttpURLConnection.getHeaderFields(HttpURLConnection.java:3005)
 com.jd.jim.cli.common.HttpClient.request(HttpClient.java:335)
 com.jd.jim.cli.common.HttpClient.text(HttpClient.java:280)
 com.jd.jim.cli.config.client.ConfigLongPollingClient.doRequest(ConfigLongPollingClient.java:191)
 com.jd.jim.cli.config.client.ConfigLongPollingClient.ping(ConfigLongPollingClient.java:187)
 com.jd.jim.cli.config.client.ConfigLongPollingClient$LongPolling.poll(ConfigLongPollingClient.java:100)
 com.jd.jim.cli.config.client.ConfigLongPollingClient$LongPolling.run(ConfigLongPollingClient.java:84)
 java.util.concurrent.Executors$RunnableAdapter.call(Executors.java:511)
 java.util.concurrent.FutureTask.run(FutureTask.java:266)
 java.util.concurrent.ThreadPoolExecutor.runWorker(ThreadPoolExecutor.java:1142)
 java.util.concurrent.ThreadPoolExecutor$Worker.run(ThreadPoolExecutor.java:617)
 java.lang.Thread.run(Thread.java:748)
29-Jan-2018 20:05:34.876 WARNING [localhost-startStop-1] org.apache.catalina.loader.WebappClassLoaderBase.clearReferencesThreads The web application [ROOT] appears to have started a thread named [pool-6-thread-1] but has failed to stop it. This is very likely to create a memory leak. Stack trace of thread:
 sun.misc.Unsafe.park(Native Method)
 java.util.concurrent.locks.LockSupport.parkNanos(LockSupport.java:215)
 java.util.concurrent.locks.AbstractQueuedSynchronizer$ConditionObject.awaitNanos(AbstractQueuedSynchronizer.java:2078)
 java.util.concurrent.ScheduledThreadPoolExecutor$DelayedWorkQueue.take(ScheduledThreadPoolExecutor.java:1093)
 java.util.concurrent.ScheduledThreadPoolExecutor$DelayedWorkQueue.take(ScheduledThreadPoolExecutor.java:809)
 java.util.concurrent.ThreadPoolExecutor.getTask(ThreadPoolExecutor.java:1067)
 java.util.concurrent.ThreadPoolExecutor.runWorker(ThreadPoolExecutor.java:1127)
 java.util.concurrent.ThreadPoolExecutor$Worker.run(ThreadPoolExecutor.java:617)
 java.lang.Thread.run(Thread.java:748)
29-Jan-2018 20:05:34.877 SEVERE [localhost-startStop-1] org.apache.catalina.loader.WebappClassLoaderBase.checkThreadLocalMapForLeaks The web application [ROOT] created a ThreadLocal with key of type [com.jd.jsf.gd.util.RpcContext$1] (value [com.jd.jsf.gd.util.RpcContext$1@59a31c1c]) and a value of type [com.jd.jsf.gd.util.RpcContext] (value [com.jd.jsf.gd.util.RpcContext@66f7f19f]) but failed to remove it when the web application was stopped. Threads are going to be renewed over time to try and avoid a probable memory leak.
29-Jan-2018 20:05:34.878 SEVERE [localhost-startStop-1] org.apache.catalina.loader.WebappClassLoaderBase.checkThreadLocalMapForLeaks The web application [ROOT] created a ThreadLocal with key of type [java.lang.ThreadLocal] (value [java.lang.ThreadLocal@44b67d1e]) and a value of type [io.netty.util.internal.InternalThreadLocalMap] (value [io.netty.util.internal.InternalThreadLocalMap@18301a1e]) but failed to remove it when the web application was stopped. Threads are going to be renewed over time to try and avoid a probable memory leak.
29-Jan-2018 20:05:34.879 SEVERE [localhost-startStop-1] org.apache.catalina.loader.WebappClassLoaderBase.checkThreadLocalMapForLeaks The web application [ROOT] created a ThreadLocal with key of type [java.lang.ThreadLocal] (value [java.lang.ThreadLocal@44b67d1e]) and a value of type [io.netty.util.internal.InternalThreadLocalMap] (value [io.netty.util.internal.InternalThreadLocalMap@10cf58]) but failed to remove it when the web application was stopped. Threads are going to be renewed over time to try and avoid a probable memory leak.
29-Jan-2018 20:05:34.879 SEVERE [localhost-startStop-1] org.apache.catalina.loader.WebappClassLoaderBase.checkThreadLocalMapForLeaks The web application [ROOT] created a ThreadLocal with key of type [java.lang.ThreadLocal] (value [java.lang.ThreadLocal@44b67d1e]) and a value of type [io.netty.util.internal.InternalThreadLocalMap] (value [io.netty.util.internal.InternalThreadLocalMap@77390cc9]) but failed to remove it when the web application was stopped. Threads are going to be renewed over time to try and avoid a probable memory leak.
29-Jan-2018 20:05:34.884 INFO [localhost-startStop-1] org.apache.catalina.startup.HostConfig.deployDescriptor Deployment of configuration descriptor /export/Domains/ffs.jd.com/server1/conf/Catalina/localhost/ROOT.xml has finished in 21,183 ms
29-Jan-2018 20:05:34.886 INFO [main] org.apache.coyote.AbstractProtocol.start Starting ProtocolHandler [http-nio-8018]
29-Jan-2018 20:05:34.901 INFO [main] org.apache.catalina.startup.Catalina.start Server startup in 21238 ms
^C
[root@host ffs.jd.com]# ^C
[root@host ffs.jd.com]# ^C
[root@host ffs.jd.com]# ^C
[root@host ffs.jd.com]# 
[root@host ffs.jd.com]# 
[root@host ffs.jd.com]# 
[root@host ffs.jd.com]# 
[root@host ffs.jd.com]# 
[root@host ffs.jd.com]# ls
catalina.out              courseIntroduction.html  fonts       indexVideo  newsDetails.html    script    systemCertification.html  systemCulture.html     top.html       video
contactUs.html            css                      img         js          newsList.html       start.sh  systemCooperation.html    systemEmployment.html  uploadAdapter  videoList.html
courseIntroduction2.html  feifuIntroduce.html      index.html  META-INF    qualification.html  stop.sh   systemCourses.html        systemTalent.html      Uploader.swf   WEB-INF
[root@host ffs.jd.com]# cd ../
[root@host App]# ls
admin.v.jd.com  asm.jd.com         corporate.jd.com  forum.jd.com   it.itsv.jd.com  itvoice.jd.com    mp.v.jd.com      plp.jd.com           survadmin.jd.com   tmp          wenba.jd.com
airport.jd.com  buildcms.m.jd.com  ffscms.jd.com     in.plp.jd.com  it.jd.com       jbox.jd.com       m.wenba.jd.com   solr.itvoice.jd.com  survadmin.jd.com,  uwms.jd.com  ws.surveys.jd.com
asmcli.jd.com   cbuild.jd.com      ffs.jd.com        it.hr.jd.com   itsvsrv.jd.com  m.itvoice.jd.com  oldforum.jd.com  ssa.jd.com           surveys.jd.com     v.jd.com
[root@host App]# cd ../
[root@host export]# ls
App  auto_deploy  Config  data  Data  Domains  home  install.sh  Logs  lost+found  servers  Shell  temp  workspace
[root@host export]# cd Domains/
[root@host Domains]# ls
airport.jd.com  asm.jd.com         cbuild.jd.com     f              ffs.jd.com     it.hr.jd.com    it.jd.com       itvoice.jd.com  m.itvoice.jd.com  m.wenba.jd.com  solr.itvoice.jd.com  wenba.jd.com
asmcli.jd.com   buildcms.m.jd.com  corporate.jd.com  ffscms.jd.com  in.plp.jd.com  it.itsv.jd.com  itsvsrv.jd.com  jbox.jd.com     mp.v.jd.com       plp.jd.com      uwms.jd.com          ws.surveys.jd.com
[root@host Domains]# cd ffs.jd.com/
[root@host ffs.jd.com]# ls
server1
[root@host ffs.jd.com]# cd server1/
[root@host server1]# ls
bin  conf  logs  temp  webapps  work
[root@host server1]# cd logs/
[root@host logs]# ls
catalina.2017-09-04.log  catalina.2018-01-29.log      localhost.2017-09-04.log             localhost_access_log.2017-09-05.txt  localhost_access_log.2017-12-18.txt  manager.2017-09-07.log
catalina.2017-09-05.log  catalina.out                 localhost.2017-09-05.log             localhost_access_log.2017-09-06.txt  localhost_access_log.2017-12-19.txt  manager.2017-09-11.log
catalina.2017-09-06.log  host-manager.2017-09-04.log  localhost.2017-09-07.log             localhost_access_log.2017-09-07.txt  localhost_access_log.2017-12-20.txt  manager.2017-09-13.log
catalina.2017-09-07.log  host-manager.2017-09-05.log  localhost.2017-09-11.log             localhost_access_log.2017-09-08.txt  localhost_access_log.2017-12-26.txt  manager.2017-11-16.log
catalina.2017-09-08.log  host-manager.2017-09-07.log  localhost.2017-09-13.log             localhost_access_log.2017-09-11.txt  localhost_access_log.2017-12-27.txt  manager.2017-12-18.log
catalina.2017-09-11.log  host-manager.2017-09-11.log  localhost.2017-11-16.log             localhost_access_log.2017-09-13.txt  localhost_access_log.2018-01-04.txt  manager.2018-01-29.log
catalina.2017-09-13.log  host-manager.2017-09-13.log  localhost.2017-12-18.log             localhost_access_log.2017-09-14.txt  localhost_access_log.2018-01-12.txt
catalina.2017-09-14.log  host-manager.2017-11-16.log  localhost.2017-12-26.log             localhost_access_log.2017-11-16.txt  localhost_access_log.2018-01-29.txt
catalina.2017-11-16.log  host-manager.2017-12-18.log  localhost.2018-01-29.log             localhost_access_log.2017-11-17.txt  manager.2017-09-04.log
catalina.2017-12-18.log  host-manager.2018-01-29.log  localhost_access_log.2017-09-04.txt  localhost_access_log.2017-11-21.txt  manager.2017-09-05.log
[root@host logs]# ping https://test.kms.tde.jd.local:8443
ping: unknown host https://test.kms.tde.jd.local:8443
[root@host logs]# ping https://test.kms.tde.jd.local
ping: unknown host https://test.kms.tde.jd.local
[root@host logs]# ping test.kms.tde.jd.local
ping: unknown host test.kms.tde.jd.local
[root@host logs]# ping test.kms.tde.jd.local
ping: unknown host test.kms.tde.jd.local
[root@host logs]# cd /export/
[root@host export]# cd /etc/
[root@host etc]# ls
abrt                      cgconfig.conf              dracut.conf.d     hal             ld.so.conf.d    my.cnf          pinforc                       rc2.d             securetty       sysconfig
acpi                      cgrules.conf               drirc             host.conf       libaudit.conf   nanorc          pkcs11                        rc3.d             security        sysctl.conf
adjtime                   cgsnapshot_blacklist.conf  elinks.conf       hosts           libreport       netconfig       pki                           rc4.d             selinux         system-release
aliases                   chkconfig.d                environment       hosts.allow     libuser.conf    NetworkManager  plymouth                      rc5.d             services        system-release-cpe
aliases.db                ConsoleKit                 ethers            hosts.deny      localtime       networks        pm                            rc6.d             sestatus.conf   terminfo
alsa                      cron.d                     event.d           idmapd.conf     login.defs      nfsmount.conf   pm-utils-hd-apm-restore.conf  rc.d              setuptool.d     Trolltech.conf
alternatives              cron.daily                 exports           init            logrotate.conf  nsswitch.conf   polkit-1                      rc.local          sgml            udev
anacrontab                cron.deny                  favicon.png       init.d          logrotate.d     ntp             popt.d                        rc.sysinit        shadow          updatedb.conf
apache-tomcat-8.5.15.zip  cron.hourly                filesystems       inittab         lsb-release     ntp.conf        portreserve                   readahead.conf    shadow-         vimrc
asound.conf               cron.monthly               fonts             inputrc         lsb-release.d   numad.conf      postfix                       redhat-lsb        shells          virc
at.deny                   crontab                    foomatic          ipa             ltrace.conf     oddjob          ppp                           redhat-release    skel            warnquota.conf
audisp                    cron.weekly                fprintd.conf      iproute2        lvm             oddjobd.conf    prelink.cache                 redis             smartd.conf     wgetrc
audit                     crypttab                   fstab             issue           magic           oddjobd.conf.d  prelink.conf                  request-key.conf  snmp            wvdial.conf
autofs_ldap_auth.conf     csh.cshrc                  gai.conf          issue.net       mailcap         openldap        prelink.conf.d                request-key.d     sos.conf        X11
auto.master               csh.login                  gcrypt            java            mail.rc         opt             printcap                      resolv.conf       ssh             xdg
auto.misc                 cups                       ghostscript       jvm             makedev.d       pam.d           profile                       rpc               ssl             xinetd.d
auto.net                  dbus-1                     gnupg             jvm-commmon     man.config      pango           profile.d                     rpm               sssd            xml
auto.smb                  default                    group             kdump-adv-conf  maven           passwd          protocols                     rsyslog.conf      statetab        yp.conf
bash_completion.d         depmod.d                   group-            kdump.conf      mcelog          passwd-         pulse                         rsyslog.d         statetab.d      yum
bashrc                    dhcp                       grub.conf         krb5.conf       mime.types      pcmcia          quotagrpadmins                rwtab             streaming       yum.conf
blkid                     DIR_COLORS                 gshadow           latrace.conf    mke2fs.conf     pear            quotatab                      rwtab.d           sudo.conf       yum.repos.d
cas.conf                  DIR_COLORS.256color        gshadow-          latrace.d       modprobe.d      pear.conf       rc                            samba             sudoers
centos-release            DIR_COLORS.lightbgcolor    gssapi_mech.conf  ld.so.cache     motd            php.d           rc0.d                         sasl2             sudoers.d
certmonger                dracut.conf                gtk-2.0           ld.so.conf      mtab            php.ini         rc1.d                         scl               sudo-ldap.conf
[root@host etc]# vim hosts
[root@host etc]# ping test.kms.tde.jd.local
PING test.kms.tde.jd.local (192.168.180.51) 56(84) bytes of data.
64 bytes from test.kms.tde.jd.local (192.168.180.51): icmp_seq=1 ttl=63 time=0.255 ms
64 bytes from test.kms.tde.jd.local (192.168.180.51): icmp_seq=2 ttl=63 time=0.241 ms
^C
--- test.kms.tde.jd.local ping statistics ---
2 packets transmitted, 2 received, 0% packet loss, time 1771ms
rtt min/avg/max/mdev = 0.241/0.248/0.255/0.007 ms
[root@host etc]# 
[root@host etc]# 
[root@host etc]# 
[root@host etc]# ls
abrt                      cgconfig.conf              dracut.conf.d     hal             ld.so.conf.d    my.cnf          pinforc                       rc2.d             securetty       sysconfig
acpi                      cgrules.conf               drirc             host.conf       libaudit.conf   nanorc          pkcs11                        rc3.d             security        sysctl.conf
adjtime                   cgsnapshot_blacklist.conf  elinks.conf       hosts           libreport       netconfig       pki                           rc4.d             selinux         system-release
aliases                   chkconfig.d                environment       hosts.allow     libuser.conf    NetworkManager  plymouth                      rc5.d             services        system-release-cpe
aliases.db                ConsoleKit                 ethers            hosts.deny      localtime       networks        pm                            rc6.d             sestatus.conf   terminfo
alsa                      cron.d                     event.d           idmapd.conf     login.defs      nfsmount.conf   pm-utils-hd-apm-restore.conf  rc.d              setuptool.d     Trolltech.conf
alternatives              cron.daily                 exports           init            logrotate.conf  nsswitch.conf   polkit-1                      rc.local          sgml            udev
anacrontab                cron.deny                  favicon.png       init.d          logrotate.d     ntp             popt.d                        rc.sysinit        shadow          updatedb.conf
apache-tomcat-8.5.15.zip  cron.hourly                filesystems       inittab         lsb-release     ntp.conf        portreserve                   readahead.conf    shadow-         vimrc
asound.conf               cron.monthly               fonts             inputrc         lsb-release.d   numad.conf      postfix                       redhat-lsb        shells          virc
at.deny                   crontab                    foomatic          ipa             ltrace.conf     oddjob          ppp                           redhat-release    skel            warnquota.conf
audisp                    cron.weekly                fprintd.conf      iproute2        lvm             oddjobd.conf    prelink.cache                 redis             smartd.conf     wgetrc
audit                     crypttab                   fstab             issue           magic           oddjobd.conf.d  prelink.conf                  request-key.conf  snmp            wvdial.conf
autofs_ldap_auth.conf     csh.cshrc                  gai.conf          issue.net       mailcap         openldap        prelink.conf.d                request-key.d     sos.conf        X11
auto.master               csh.login                  gcrypt            java            mail.rc         opt             printcap                      resolv.conf       ssh             xdg
auto.misc                 cups                       ghostscript       jvm             makedev.d       pam.d           profile                       rpc               ssl             xinetd.d
auto.net                  dbus-1                     gnupg             jvm-commmon     man.config      pango           profile.d                     rpm               sssd            xml
auto.smb                  default                    group             kdump-adv-conf  maven           passwd          protocols                     rsyslog.conf      statetab        yp.conf
bash_completion.d         depmod.d                   group-            kdump.conf      mcelog          passwd-         pulse                         rsyslog.d         statetab.d      yum
bashrc                    dhcp                       grub.conf         krb5.conf       mime.types      pcmcia          quotagrpadmins                rwtab             streaming       yum.conf
blkid                     DIR_COLORS                 gshadow           latrace.conf    mke2fs.conf     pear            quotatab                      rwtab.d           sudo.conf       yum.repos.d
cas.conf                  DIR_COLORS.256color        gshadow-          latrace.d       modprobe.d      pear.conf       rc                            samba             sudoers
centos-release            DIR_COLORS.lightbgcolor    gssapi_mech.conf  ld.so.cache     motd            php.d           rc0.d                         sasl2             sudoers.d
certmonger                dracut.conf                gtk-2.0           ld.so.conf      mtab            php.ini         rc1.d                         scl               sudo-ldap.conf
[root@host etc]# cd /export/App/
[root@host App]# ls
admin.v.jd.com  asm.jd.com         corporate.jd.com  forum.jd.com   it.itsv.jd.com  itvoice.jd.com    mp.v.jd.com      plp.jd.com           survadmin.jd.com   tmp          wenba.jd.com
airport.jd.com  buildcms.m.jd.com  ffscms.jd.com     in.plp.jd.com  it.jd.com       jbox.jd.com       m.wenba.jd.com   solr.itvoice.jd.com  survadmin.jd.com,  uwms.jd.com  ws.surveys.jd.com
asmcli.jd.com   cbuild.jd.com      ffs.jd.com        it.hr.jd.com   itsvsrv.jd.com  m.itvoice.jd.com  oldforum.jd.com  ssa.jd.com           surveys.jd.com     v.jd.com
[root@host App]# cd ffs.jd.com/
[root@host ffs.jd.com]# ls
catalina.out              courseIntroduction.html  fonts       indexVideo  newsDetails.html    script    systemCertification.html  systemCulture.html     top.html       video
contactUs.html            css                      img         js          newsList.html       start.sh  systemCooperation.html    systemEmployment.html  uploadAdapter  videoList.html
courseIntroduction2.html  feifuIntroduce.html      index.html  META-INF    qualification.html  stop.sh   systemCourses.html        systemTalent.html      Uploader.swf   WEB-INF
[root@host ffs.jd.com]# ps -ef |grep ffs.jd.com
root      7769     1 10 20:05 pts/1    00:00:29 /export/servers/jdk1.8.0_131/bin/java -Djava.util.logging.config.file=/export/Domains/ffs.jd.com/server1/conf/logging.properties -Djava.util.logging.manager=org.apache.juli.ClassLoaderLogManager -Djava.library.path=/usr/local/lib -server -Xms1024m -Xmx1024m -XX:MaxPermSize=256m -Djava.awt.headless=true -Dsun.net.client.defaultConnectTimeout=60000 -Dsun.net.client.defaultReadTimeout=60000 -Djmagick.systemclassloader=no -Dnetworkaddress.cache.ttl=300 -Dsun.net.inetaddr.ttl=300 -Djdk.tls.ephemeralDHKeySize=2048 -Djava.protocol.handler.pkgs=org.apache.catalina.webresources -classpath /export/servers/tomcat8.5.12/bin/bootstrap.jar:/export/servers/tomcat8.5.12/bin/tomcat-juli.jar -Dcatalina.base=/export/Domains/ffs.jd.com/server1 -Dcatalina.home=/export/servers/tomcat8.5.12 -Djava.io.tmpdir=/export/Domains/ffs.jd.com/server1/temp org.apache.catalina.startup.Bootstrap -config /export/Domains/ffs.jd.com/server1/conf/server.xml start
root      8000  6697  0 20:09 pts/1    00:00:00 grep ffs.jd.com
[root@host ffs.jd.com]# kill -9 7769
[root@host ffs.jd.com]# ps -ef |grep ffs.jd.com
root      8030  6697  0 20:10 pts/1    00:00:00 grep ffs.jd.com
[root@host ffs.jd.com]# 
[root@host ffs.jd.com]# 
[root@host ffs.jd.com]# 
[root@host ffs.jd.com]# 
[root@host ffs.jd.com]# 
[root@host ffs.jd.com]# 
[root@host ffs.jd.com]# ./start.sh ;tail -f catalina.out 
Using CATALINA_BASE:   /export/Domains/ffs.jd.com/server1
Using CATALINA_HOME:   /export/servers/tomcat8.5.12
Using CATALINA_TMPDIR: /export/Domains/ffs.jd.com/server1/temp
Using JRE_HOME:        /export/servers/jdk1.8.0_131
Using CLASSPATH:       /export/servers/tomcat8.5.12/bin/bootstrap.jar:/export/servers/tomcat8.5.12/bin/tomcat-juli.jar
Tomcat started.
tail: inotify cannot be used, reverting to polling
	at com.jd.jsf.gd.registry.file.FileRegistryHelper.backup(FileRegistryHelper.java:147)
	at com.jd.jsf.gd.registry.FileRegistry$1.run(FileRegistry.java:145)
	at java.util.concurrent.Executors$RunnableAdapter.call(Executors.java:511)
	at java.util.concurrent.FutureTask.runAndReset(FutureTask.java:308)
	at java.util.concurrent.ScheduledThreadPoolExecutor$ScheduledFutureTask.access$301(ScheduledThreadPoolExecutor.java:180)
	at java.util.concurrent.ScheduledThreadPoolExecutor$ScheduledFutureTask.run(ScheduledThreadPoolExecutor.java:294)
	at java.util.concurrent.ThreadPoolExecutor.runWorker(ThreadPoolExecutor.java:1142)
	at java.util.concurrent.ThreadPoolExecutor$Worker.run(ThreadPoolExecutor.java:617)
	at java.lang.Thread.run(Thread.java:748)

Java HotSpot(TM) 64-Bit Server VM warning: ignoring option MaxPermSize=256m; support was removed in 8.0
29-Jan-2018 20:10:13.640 INFO [main] org.apache.catalina.startup.VersionLoggerListener.log Server version:        Apache Tomcat/8.5.12
29-Jan-2018 20:10:13.643 INFO [main] org.apache.catalina.startup.VersionLoggerListener.log Server built:          Mar 8 2017 17:41:47 UTC
29-Jan-2018 20:10:13.643 INFO [main] org.apache.catalina.startup.VersionLoggerListener.log Server number:         8.5.12.0
29-Jan-2018 20:10:13.643 INFO [main] org.apache.catalina.startup.VersionLoggerListener.log OS Name:               Linux
29-Jan-2018 20:10:13.643 INFO [main] org.apache.catalina.startup.VersionLoggerListener.log OS Version:            2.6.32-431.el6.x86_64
29-Jan-2018 20:10:13.643 INFO [main] org.apache.catalina.startup.VersionLoggerListener.log Architecture:          amd64
29-Jan-2018 20:10:13.643 INFO [main] org.apache.catalina.startup.VersionLoggerListener.log Java Home:             /export/servers/jdk1.8.0_131/jre
29-Jan-2018 20:10:13.643 INFO [main] org.apache.catalina.startup.VersionLoggerListener.log JVM Version:           1.8.0_131-b11
29-Jan-2018 20:10:13.643 INFO [main] org.apache.catalina.startup.VersionLoggerListener.log JVM Vendor:            Oracle Corporation
29-Jan-2018 20:10:13.644 INFO [main] org.apache.catalina.startup.VersionLoggerListener.log CATALINA_BASE:         /export/Domains/ffs.jd.com/server1
29-Jan-2018 20:10:13.644 INFO [main] org.apache.catalina.startup.VersionLoggerListener.log CATALINA_HOME:         /export/servers/tomcat8.5.12
29-Jan-2018 20:10:13.644 INFO [main] org.apache.catalina.startup.VersionLoggerListener.log Command line argument: -Djava.util.logging.config.file=/export/Domains/ffs.jd.com/server1/conf/logging.properties
29-Jan-2018 20:10:13.644 INFO [main] org.apache.catalina.startup.VersionLoggerListener.log Command line argument: -Djava.util.logging.manager=org.apache.juli.ClassLoaderLogManager
29-Jan-2018 20:10:13.644 INFO [main] org.apache.catalina.startup.VersionLoggerListener.log Command line argument: -Djava.library.path=/usr/local/lib
29-Jan-2018 20:10:13.644 INFO [main] org.apache.catalina.startup.VersionLoggerListener.log Command line argument: -Xms1024m
29-Jan-2018 20:10:13.645 INFO [main] org.apache.catalina.startup.VersionLoggerListener.log Command line argument: -Xmx1024m
29-Jan-2018 20:10:13.645 INFO [main] org.apache.catalina.startup.VersionLoggerListener.log Command line argument: -XX:MaxPermSize=256m
29-Jan-2018 20:10:13.645 INFO [main] org.apache.catalina.startup.VersionLoggerListener.log Command line argument: -Djava.awt.headless=true
29-Jan-2018 20:10:13.645 INFO [main] org.apache.catalina.startup.VersionLoggerListener.log Command line argument: -Dsun.net.client.defaultConnectTimeout=60000
29-Jan-2018 20:10:13.646 INFO [main] org.apache.catalina.startup.VersionLoggerListener.log Command line argument: -Dsun.net.client.defaultReadTimeout=60000
29-Jan-2018 20:10:13.646 INFO [main] org.apache.catalina.startup.VersionLoggerListener.log Command line argument: -Djmagick.systemclassloader=no
29-Jan-2018 20:10:13.646 INFO [main] org.apache.catalina.startup.VersionLoggerListener.log Command line argument: -Dnetworkaddress.cache.ttl=300
29-Jan-2018 20:10:13.646 INFO [main] org.apache.catalina.startup.VersionLoggerListener.log Command line argument: -Dsun.net.inetaddr.ttl=300
29-Jan-2018 20:10:13.647 INFO [main] org.apache.catalina.startup.VersionLoggerListener.log Command line argument: -Djdk.tls.ephemeralDHKeySize=2048
29-Jan-2018 20:10:13.647 INFO [main] org.apache.catalina.startup.VersionLoggerListener.log Command line argument: -Djava.protocol.handler.pkgs=org.apache.catalina.webresources
29-Jan-2018 20:10:13.647 INFO [main] org.apache.catalina.startup.VersionLoggerListener.log Command line argument: -Dcatalina.base=/export/Domains/ffs.jd.com/server1
29-Jan-2018 20:10:13.647 INFO [main] org.apache.catalina.startup.VersionLoggerListener.log Command line argument: -Dcatalina.home=/export/servers/tomcat8.5.12
29-Jan-2018 20:10:13.648 INFO [main] org.apache.catalina.startup.VersionLoggerListener.log Command line argument: -Djava.io.tmpdir=/export/Domains/ffs.jd.com/server1/temp
29-Jan-2018 20:10:13.648 INFO [main] org.apache.catalina.core.AprLifecycleListener.lifecycleEvent The APR based Apache Tomcat Native library which allows optimal performance in production environments was not found on the java.library.path: /usr/local/lib
29-Jan-2018 20:10:13.805 INFO [main] org.apache.coyote.AbstractProtocol.init Initializing ProtocolHandler ["http-nio-8018"]
29-Jan-2018 20:10:13.828 INFO [main] org.apache.tomcat.util.net.NioSelectorPool.getSharedSelector Using a shared selector for servlet write/read
29-Jan-2018 20:10:13.831 INFO [main] org.apache.coyote.AbstractProtocol.init Initializing ProtocolHandler ["ajp-nio-8009"]
29-Jan-2018 20:10:13.834 SEVERE [main] org.apache.coyote.AbstractProtocol.init Failed to initialize end point associated with ProtocolHandler ["ajp-nio-8009"]
 java.net.BindException: Address already in use
	at sun.nio.ch.Net.bind0(Native Method)
	at sun.nio.ch.Net.bind(Net.java:433)
	at sun.nio.ch.Net.bind(Net.java:425)
	at sun.nio.ch.ServerSocketChannelImpl.bind(ServerSocketChannelImpl.java:223)
	at sun.nio.ch.ServerSocketAdaptor.bind(ServerSocketAdaptor.java:74)
	at org.apache.tomcat.util.net.NioEndpoint.bind(NioEndpoint.java:210)
	at org.apache.tomcat.util.net.AbstractEndpoint.init(AbstractEndpoint.java:972)
	at org.apache.tomcat.util.net.AbstractJsseEndpoint.init(AbstractJsseEndpoint.java:244)
	at org.apache.coyote.AbstractProtocol.init(AbstractProtocol.java:558)
	at org.apache.catalina.connector.Connector.initInternal(Connector.java:968)
	at org.apache.catalina.util.LifecycleBase.init(LifecycleBase.java:107)
	at org.apache.catalina.core.StandardService.initInternal(StandardService.java:549)
	at org.apache.catalina.util.LifecycleBase.init(LifecycleBase.java:107)
	at org.apache.catalina.core.StandardServer.initInternal(StandardServer.java:875)
	at org.apache.catalina.util.LifecycleBase.init(LifecycleBase.java:107)
	at org.apache.catalina.startup.Catalina.load(Catalina.java:606)
	at org.apache.catalina.startup.Catalina.load(Catalina.java:629)
	at sun.reflect.NativeMethodAccessorImpl.invoke0(Native Method)
	at sun.reflect.NativeMethodAccessorImpl.invoke(NativeMethodAccessorImpl.java:62)
	at sun.reflect.DelegatingMethodAccessorImpl.invoke(DelegatingMethodAccessorImpl.java:43)
	at java.lang.reflect.Method.invoke(Method.java:498)
	at org.apache.catalina.startup.Bootstrap.load(Bootstrap.java:311)
	at org.apache.catalina.startup.Bootstrap.main(Bootstrap.java:494)

29-Jan-2018 20:10:13.836 SEVERE [main] org.apache.catalina.core.StandardService.initInternal Failed to initialize connector [Connector[AJP/1.3-8009]]
 org.apache.catalina.LifecycleException: Failed to initialize component [Connector[AJP/1.3-8009]]
	at org.apache.catalina.util.LifecycleBase.init(LifecycleBase.java:112)
	at org.apache.catalina.core.StandardService.initInternal(StandardService.java:549)
	at org.apache.catalina.util.LifecycleBase.init(LifecycleBase.java:107)
	at org.apache.catalina.core.StandardServer.initInternal(StandardServer.java:875)
	at org.apache.catalina.util.LifecycleBase.init(LifecycleBase.java:107)
	at org.apache.catalina.startup.Catalina.load(Catalina.java:606)
	at org.apache.catalina.startup.Catalina.load(Catalina.java:629)
	at sun.reflect.NativeMethodAccessorImpl.invoke0(Native Method)
	at sun.reflect.NativeMethodAccessorImpl.invoke(NativeMethodAccessorImpl.java:62)
	at sun.reflect.DelegatingMethodAccessorImpl.invoke(DelegatingMethodAccessorImpl.java:43)
	at java.lang.reflect.Method.invoke(Method.java:498)
	at org.apache.catalina.startup.Bootstrap.load(Bootstrap.java:311)
	at org.apache.catalina.startup.Bootstrap.main(Bootstrap.java:494)
Caused by: org.apache.catalina.LifecycleException: Protocol handler initialization failed
	at org.apache.catalina.connector.Connector.initInternal(Connector.java:970)
	at org.apache.catalina.util.LifecycleBase.init(LifecycleBase.java:107)
	... 12 more
Caused by: java.net.BindException: Address already in use
	at sun.nio.ch.Net.bind0(Native Method)
	at sun.nio.ch.Net.bind(Net.java:433)
	at sun.nio.ch.Net.bind(Net.java:425)
	at sun.nio.ch.ServerSocketChannelImpl.bind(ServerSocketChannelImpl.java:223)
	at sun.nio.ch.ServerSocketAdaptor.bind(ServerSocketAdaptor.java:74)
	at org.apache.tomcat.util.net.NioEndpoint.bind(NioEndpoint.java:210)
	at org.apache.tomcat.util.net.AbstractEndpoint.init(AbstractEndpoint.java:972)
	at org.apache.tomcat.util.net.AbstractJsseEndpoint.init(AbstractJsseEndpoint.java:244)
	at org.apache.coyote.AbstractProtocol.init(AbstractProtocol.java:558)
	at org.apache.catalina.connector.Connector.initInternal(Connector.java:968)
	... 13 more

29-Jan-2018 20:10:13.837 INFO [main] org.apache.catalina.startup.Catalina.load Initialization processed in 612 ms
29-Jan-2018 20:10:13.867 INFO [main] org.apache.catalina.core.StandardService.startInternal Starting service Catalina
29-Jan-2018 20:10:13.867 INFO [main] org.apache.catalina.core.StandardEngine.startInternal Starting Servlet Engine: Apache Tomcat/8.5.12
29-Jan-2018 20:10:13.880 INFO [localhost-startStop-1] org.apache.catalina.startup.HostConfig.deployDescriptor Deploying configuration descriptor /export/Domains/ffs.jd.com/server1/conf/Catalina/localhost/ROOT.xml
29-Jan-2018 20:10:13.901 WARNING [localhost-startStop-1] org.apache.catalina.core.StandardContext.setPath A context path must either be an empty string or start with a '/' and do not end with a '/'. The path [/] does not meet these criteria and has been changed to []
29-Jan-2018 20:10:17.496 INFO [localhost-startStop-1] org.apache.jasper.servlet.TldScanner.scanJars At least one JAR was scanned for TLDs yet contained no TLDs. Enable debug logging for this logger for a complete list of JARs that were scanned but no TLDs were found in them. Skipping unneeded JARs during scanning can improve startup time and JSP compilation time.
SLF4J: Class path contains multiple SLF4J bindings.
SLF4J: Found binding in [jar:file:/export/App/ffs.jd.com/WEB-INF/lib/slf4j-log4j12-1.7.10.jar!/org/slf4j/impl/StaticLoggerBinder.class]
SLF4J: Found binding in [jar:file:/export/App/ffs.jd.com/WEB-INF/lib/log4j-slf4j-impl-2.2.jar!/org/slf4j/impl/StaticLoggerBinder.class]
SLF4J: See http://www.slf4j.org/codes.html#multiple_bindings for an explanation.
SLF4J: Actual binding is of type [org.slf4j.impl.Log4jLoggerFactory]
log4j:WARN No appenders could be found for logger (org.springframework.web.context.ContextLoader).
log4j:WARN Please initialize the log4j system properly.
log4j:WARN See http://logging.apache.org/log4j/1.2/faq.html#noconfig for more info.
29-Jan-2018 20:10:23.337 INFO [localhost-startStop-1] com.jd.security.tdeclient.TDEClient.InitClient Token ID:OGYzYjhhNWQtNjFiNS00MGExLWI1MzEtYTcyNjJjNDhlNTNi, its origin from BETA
log4j:WARN Continuable parsing error 3 and column 28
log4j:WARN Document root element "Configuration", must match DOCTYPE root "null".
log4j:WARN Continuable parsing error 3 and column 28
log4j:WARN Document is invalid: no grammar found.
log4j:ERROR DOM element is - not a <log4j:configuration> element.
29-Jan-2018 20:10:26.264 INFO [localhost-startStop-1] org.apache.catalina.startup.HostConfig.deployDescriptor Deployment of configuration descriptor /export/Domains/ffs.jd.com/server1/conf/Catalina/localhost/ROOT.xml has finished in 12,382 ms
29-Jan-2018 20:10:26.268 INFO [main] org.apache.coyote.AbstractProtocol.start Starting ProtocolHandler [http-nio-8018]
29-Jan-2018 20:10:26.279 INFO [main] org.apache.catalina.startup.Catalina.start Server startup in 12441 ms






































^C
[root@host ffs.jd.com]# ./stop.sh
Using CATALINA_BASE:   /export/Domains/ffs.jd.com/server1
Using CATALINA_HOME:   /export/servers/tomcat8.5.12
Using CATALINA_TMPDIR: /export/Domains/ffs.jd.com/server1/temp
Using JRE_HOME:        /export/servers/jdk1.8.0_131
Using CLASSPATH:       /export/servers/tomcat8.5.12/bin/bootstrap.jar:/export/servers/tomcat8.5.12/bin/tomcat-juli.jar
Java HotSpot(TM) 64-Bit Server VM warning: ignoring option MaxPermSize=256m; support was removed in 8.0
[root@host ffs.jd.com]# ./start.sh
Using CATALINA_BASE:   /export/Domains/ffs.jd.com/server1
Using CATALINA_HOME:   /export/servers/tomcat8.5.12
Using CATALINA_TMPDIR: /export/Domains/ffs.jd.com/server1/temp
Using JRE_HOME:        /export/servers/jdk1.8.0_131
Using CLASSPATH:       /export/servers/tomcat8.5.12/bin/bootstrap.jar:/export/servers/tomcat8.5.12/bin/tomcat-juli.jar
Tomcat started.
[root@host ffs.jd.com]# tail -f catalina.out
tail: inotify cannot be used, reverting to polling
29-Jan-2018 20:57:06.257 WARNING [localhost-startStop-1] org.apache.catalina.core.StandardContext.setPath A context path must either be an empty string or start with a '/' and do not end with a '/'. The path [/] does not meet these criteria and has been changed to []
29-Jan-2018 20:57:09.772 INFO [localhost-startStop-1] org.apache.jasper.servlet.TldScanner.scanJars At least one JAR was scanned for TLDs yet contained no TLDs. Enable debug logging for this logger for a complete list of JARs that were scanned but no TLDs were found in them. Skipping unneeded JARs during scanning can improve startup time and JSP compilation time.
SLF4J: Class path contains multiple SLF4J bindings.
SLF4J: Found binding in [jar:file:/export/App/ffs.jd.com/WEB-INF/lib/slf4j-log4j12-1.7.10.jar!/org/slf4j/impl/StaticLoggerBinder.class]
SLF4J: Found binding in [jar:file:/export/App/ffs.jd.com/WEB-INF/lib/log4j-slf4j-impl-2.2.jar!/org/slf4j/impl/StaticLoggerBinder.class]
SLF4J: See http://www.slf4j.org/codes.html#multiple_bindings for an explanation.
SLF4J: Actual binding is of type [org.slf4j.impl.Log4jLoggerFactory]
log4j:WARN No appenders could be found for logger (org.springframework.web.context.ContextLoader).
log4j:WARN Please initialize the log4j system properly.
log4j:WARN See http://logging.apache.org/log4j/1.2/faq.html#noconfig for more info.
29-Jan-2018 20:57:17.796 INFO [localhost-startStop-1] com.jd.security.tdeclient.TDEClient.InitClient Token ID:OGYzYjhhNWQtNjFiNS00MGExLWI1MzEtYTcyNjJjNDhlNTNi, its origin from BETA
log4j:WARN Continuable parsing error 3 and column 28
log4j:WARN Document root element "Configuration", must match DOCTYPE root "null".
log4j:WARN Continuable parsing error 3 and column 28
log4j:WARN Document is invalid: no grammar found.
log4j:ERROR DOM element is - not a <log4j:configuration> element.
29-Jan-2018 20:57:30.122 INFO [localhost-startStop-1] org.apache.catalina.util.SessionIdGeneratorBase.createSecureRandom Creation of SecureRandom instance for session ID generation using [SHA1PRNG] took [11,053] milliseconds.
29-Jan-2018 20:57:31.513 INFO [localhost-startStop-1] org.apache.catalina.startup.HostConfig.deployDescriptor Deployment of configuration descriptor /export/Domains/ffs.jd.com/server1/conf/Catalina/localhost/ROOT.xml has finished in 25,278 ms
29-Jan-2018 20:57:31.517 INFO [main] org.apache.coyote.AbstractProtocol.start Starting ProtocolHandler [http-nio-8018]
29-Jan-2018 20:57:31.528 INFO [main] org.apache.catalina.startup.Catalina.start Server startup in 25337 ms
